Archive member included to satisfy reference by file (symbol)

/usr/lib/gcc/arm-none-eabi/10.3.0/thumb/v6-m/nofp/libgcc.a(_udivsi3.o)
                              build/nanos/obj/os_io_seproxyhal.o (__aeabi_uidiv)
/usr/lib/gcc/arm-none-eabi/10.3.0/thumb/v6-m/nofp/libgcc.a(_dvmd_tls.o)
                              /usr/lib/gcc/arm-none-eabi/10.3.0/thumb/v6-m/nofp/libgcc.a(_udivsi3.o) (__aeabi_idiv0)
/usr/lib/gcc/arm-none-eabi/10.3.0/thumb/v6-m/nofp/libgcc.a(_ashldi3.o)
                              build/nanos/obj/pb_decode.o (__aeabi_llsl)
/usr/lib/gcc/arm-none-eabi/10.3.0/thumb/v6-m/nofp/libgcc.a(_aeabi_uldivmod.o)
                              build/nanos/obj/printer.o (__aeabi_uldivmod)
/usr/lib/gcc/arm-none-eabi/10.3.0/thumb/v6-m/nofp/libgcc.a(_muldi3.o)
                              build/nanos/obj/os_printf.o (__aeabi_lmul)
/usr/lib/gcc/arm-none-eabi/10.3.0/thumb/v6-m/nofp/libgcc.a(_udivmoddi4.o)
                              /usr/lib/gcc/arm-none-eabi/10.3.0/thumb/v6-m/nofp/libgcc.a(_aeabi_uldivmod.o) (__udivmoddi4)
/usr/lib/gcc/arm-none-eabi/10.3.0/thumb/v6-m/nofp/libgcc.a(_lshrdi3.o)
                              /usr/lib/gcc/arm-none-eabi/10.3.0/thumb/v6-m/nofp/libgcc.a(_udivmoddi4.o) (__aeabi_llsr)
/usr/lib/gcc/arm-none-eabi/10.3.0/thumb/v6-m/nofp/libgcc.a(_clzdi2.o)
                              /usr/lib/gcc/arm-none-eabi/10.3.0/thumb/v6-m/nofp/libgcc.a(_udivmoddi4.o) (__clzdi2)
/usr/lib/gcc/arm-none-eabi/10.3.0/thumb/v6-m/nofp/libgcc.a(_clzsi2.o)
                              /usr/lib/gcc/arm-none-eabi/10.3.0/thumb/v6-m/nofp/libgcc.a(_clzdi2.o) (__clzsi2)
/usr/lib/gcc/arm-none-eabi/10.3.0/../../../../arm-none-eabi/lib/thumb/v6-m/nofp/libc_nano.a(lib_a-aeabi_memclr.o)
                              build/nanos/obj/ledger_protocol.o (__aeabi_memclr)
/usr/lib/gcc/arm-none-eabi/10.3.0/../../../../arm-none-eabi/lib/thumb/v6-m/nofp/libc_nano.a(lib_a-aeabi_memcpy.o)
                              build/nanos/obj/apdu.o (__aeabi_memcpy)
/usr/lib/gcc/arm-none-eabi/10.3.0/../../../../arm-none-eabi/lib/thumb/v6-m/nofp/libc_nano.a(lib_a-aeabi_memmove.o)
                              build/nanos/obj/os.o (__aeabi_memmove)
/usr/lib/gcc/arm-none-eabi/10.3.0/../../../../arm-none-eabi/lib/thumb/v6-m/nofp/libc_nano.a(lib_a-aeabi_memset.o)
                              build/nanos/obj/os.o (__aeabi_memset)
/usr/lib/gcc/arm-none-eabi/10.3.0/../../../../arm-none-eabi/lib/thumb/v6-m/nofp/libc_nano.a(lib_a-explicit_bzero.o)
                              build/nanos/obj/apdu.o (explicit_bzero)
/usr/lib/gcc/arm-none-eabi/10.3.0/../../../../arm-none-eabi/lib/thumb/v6-m/nofp/libc_nano.a(lib_a-memcmp.o)
                              build/nanos/obj/os.o (memcmp)
/usr/lib/gcc/arm-none-eabi/10.3.0/../../../../arm-none-eabi/lib/thumb/v6-m/nofp/libc_nano.a(lib_a-memcpy-stub.o)
                              /usr/lib/gcc/arm-none-eabi/10.3.0/../../../../arm-none-eabi/lib/thumb/v6-m/nofp/libc_nano.a(lib_a-aeabi_memcpy.o) (memcpy)
/usr/lib/gcc/arm-none-eabi/10.3.0/../../../../arm-none-eabi/lib/thumb/v6-m/nofp/libc_nano.a(lib_a-memmove.o)
                              /usr/lib/gcc/arm-none-eabi/10.3.0/../../../../arm-none-eabi/lib/thumb/v6-m/nofp/libc_nano.a(lib_a-aeabi_memmove.o) (memmove)
/usr/lib/gcc/arm-none-eabi/10.3.0/../../../../arm-none-eabi/lib/thumb/v6-m/nofp/libc_nano.a(lib_a-memset.o)
                              /usr/lib/gcc/arm-none-eabi/10.3.0/../../../../arm-none-eabi/lib/thumb/v6-m/nofp/libc_nano.a(lib_a-aeabi_memset.o) (memset)
/usr/lib/gcc/arm-none-eabi/10.3.0/../../../../arm-none-eabi/lib/thumb/v6-m/nofp/libc_nano.a(lib_a-setjmp.o)
                              build/nanos/obj/main.o (setjmp)
/usr/lib/gcc/arm-none-eabi/10.3.0/../../../../arm-none-eabi/lib/thumb/v6-m/nofp/libc_nano.a(lib_a-strlen-stub.o)
                              build/nanos/obj/os_io_seproxyhal.o (strlen)
/usr/lib/gcc/arm-none-eabi/10.3.0/../../../../arm-none-eabi/lib/thumb/v6-m/nofp/libc_nano.a(lib_a-strncpy.o)
                              build/nanos/obj/printer.o (strncpy)
/usr/lib/gcc/arm-none-eabi/10.3.0/../../../../arm-none-eabi/lib/thumb/v6-m/nofp/libc_nano.a(lib_a-bzero.o)
                              /usr/lib/gcc/arm-none-eabi/10.3.0/../../../../arm-none-eabi/lib/thumb/v6-m/nofp/libc_nano.a(lib_a-explicit_bzero.o) (bzero)

Discarded input sections

 .text          0x0000000000000000        0x0 build/nanos/obj/apdu.o
 .llvm_addrsig  0x0000000000000000        0x0 build/nanos/obj/apdu.o
 .text          0x0000000000000000        0x0 build/nanos/obj/bagl.o
 .text.bagl_draw_bg
                0x0000000000000000       0x32 build/nanos/obj/bagl.o
 .ARM.exidx.text.bagl_draw_bg
                0x0000000000000000        0x8 build/nanos/obj/bagl.o
 .text.bagl_draw_with_context
                0x0000000000000000      0x41c build/nanos/obj/bagl.o
 .ARM.exidx.text.bagl_draw_with_context
                0x0000000000000000        0x8 build/nanos/obj/bagl.o
 .text.bagl_get_font
                0x0000000000000000       0x4c build/nanos/obj/bagl.o
[...]
Memory Configuration

Name             Origin             Length             Attributes
DISCARD          0x00000000d0000000 0x0000000000100000 xrw
FLASH            0x00000000c0d00000 0x0000000000064000 xr
SRAM             0x0000000020000200 0x0000000000001200 xrw
CXSRAM           0x0000000020001400 0x0000000000000400 xrw
*default*        0x0000000000000000 0xffffffffffffffff

Linker script and memory map

LOAD build/nanos/obj/apdu.o
LOAD build/nanos/obj/bagl.o
LOAD build/nanos/obj/bagl_fonts.o
LOAD build/nanos/obj/bagl_glyphs.o
LOAD build/nanos/obj/checks.o
LOAD build/nanos/obj/cx_stubs.o
LOAD build/nanos/obj/getPubkey.o
LOAD build/nanos/obj/globals.o
LOAD build/nanos/obj/glyphs.o
LOAD build/nanos/obj/instruction.o
LOAD build/nanos/obj/ledger_protocol.o
LOAD build/nanos/obj/main.o
LOAD build/nanos/obj/menu.o
LOAD build/nanos/obj/message.o
LOAD build/nanos/obj/message.pb.o
LOAD build/nanos/obj/os.o
LOAD build/nanos/obj/os_io_seproxyhal.o
LOAD build/nanos/obj/os_io_task.o
LOAD build/nanos/obj/os_io_usb.o
LOAD build/nanos/obj/os_printf.o
LOAD build/nanos/obj/parser.o
LOAD build/nanos/obj/pb_common.o
LOAD build/nanos/obj/pb_decode.o
LOAD build/nanos/obj/pic.o
LOAD build/nanos/obj/printer.o
LOAD build/nanos/obj/rfc3339.o
LOAD build/nanos/obj/signMessage.o
LOAD build/nanos/obj/svc_call.o
LOAD build/nanos/obj/svc_cx_call.o
LOAD build/nanos/obj/syscalls.o
LOAD build/nanos/obj/transaction_summary.o
LOAD build/nanos/obj/u2f_impl.o
LOAD build/nanos/obj/u2f_io.o
LOAD build/nanos/obj/usbd_ccid_cmd.o
LOAD build/nanos/obj/usbd_ccid_core.o
LOAD build/nanos/obj/usbd_ccid_if.o
LOAD build/nanos/obj/usbd_conf.o
LOAD build/nanos/obj/usbd_core.o
LOAD build/nanos/obj/usbd_ctlreq.o
LOAD build/nanos/obj/usbd_hid.o
LOAD build/nanos/obj/usbd_impl.o
LOAD build/nanos/obj/usbd_ioreq.o
LOAD build/nanos/obj/utils.o
LOAD build/nanos/obj/ux_flow_engine.o
LOAD build/nanos/obj/ux_layout_bb.o
LOAD build/nanos/obj/ux_layout_bn.o
LOAD build/nanos/obj/ux_layout_bnn.o
LOAD build/nanos/obj/ux_layout_bnnn.o
LOAD build/nanos/obj/ux_layout_nn.o
LOAD build/nanos/obj/ux_layout_nnbnn.o
LOAD build/nanos/obj/ux_layout_nnn.o
LOAD build/nanos/obj/ux_layout_nnnn.o
LOAD build/nanos/obj/ux_layout_paging.o
LOAD build/nanos/obj/ux_layout_paging_compute.o
LOAD build/nanos/obj/ux_layout_pb.o
LOAD build/nanos/obj/ux_layout_pbb.o
LOAD build/nanos/obj/ux_layout_pbn.o
LOAD build/nanos/obj/ux_layout_pn.o
LOAD build/nanos/obj/ux_layout_pnn.o
LOAD build/nanos/obj/ux_layout_utils.o
LOAD build/nanos/obj/ux_legacy.o
LOAD build/nanos/obj/ux_menulist.o
LOAD build/nanos/obj/ux_stack.o
LOAD /usr/lib/gcc/arm-none-eabi/10.3.0/../../../../arm-none-eabi/lib/thumb/v6-m/nofp/libm.a
LOAD /usr/lib/gcc/arm-none-eabi/10.3.0/thumb/v6-m/nofp/libgcc.a
LOAD /usr/lib/gcc/arm-none-eabi/10.3.0/../../../../arm-none-eabi/lib/thumb/v6-m/nofp/libc_nano.a
START GROUP
LOAD /usr/lib/gcc/arm-none-eabi/10.3.0/thumb/v6-m/nofp/libgcc.a
LOAD /usr/lib/gcc/arm-none-eabi/10.3.0/../../../../arm-none-eabi/lib/thumb/v6-m/nofp/libg_nano.a
LOAD /usr/lib/gcc/arm-none-eabi/10.3.0/../../../../arm-none-eabi/lib/thumb/v6-m/nofp/libc_nano.a
END GROUP
START GROUP
LOAD /usr/lib/gcc/arm-none-eabi/10.3.0/thumb/v6-m/nofp/libgcc.a
LOAD /usr/lib/gcc/arm-none-eabi/10.3.0/../../../../arm-none-eabi/lib/thumb/v6-m/nofp/libc_nano.a
END GROUP
                0x0000000000000040                PAGE_SIZE = 0x40
                0x0000000000000400                STACK_SIZE = DEFINED (stack_size)?stack_size:0x400
                0x0000000020001400                END_STACK = (ORIGIN (SRAM) + LENGTH (SRAM))

.text           0x00000000c0d00000     0x5b00
                0x00000000c0d00000                _text = .
                0x00000000c0d00000                _nvram_start = .
 *(.boot*)
 .boot          0x00000000c0d00000       0x7c build/nanos/obj/main.o
                0x00000000c0d00000                main
 *(.text*)
 .text.apdu_handle_message
                0x00000000c0d0007c      0x188 build/nanos/obj/apdu.o
                0x00000000c0d0007c                apdu_handle_message
 .text.cx_ecfp_generate_pair_no_throw
                0x00000000c0d00204        0xc build/nanos/obj/cx_stubs.o
                0x00000000c0d00204                cx_ecfp_generate_pair_no_throw
 .text.cx_ecfp_init_private_key_no_throw
                0x00000000c0d00210        0xc build/nanos/obj/cx_stubs.o
                0x00000000c0d00210                cx_ecfp_init_private_key_no_throw
 .text.cx_eddsa_sign_no_throw
                0x00000000c0d0021c        0xc build/nanos/obj/cx_stubs.o
                0x00000000c0d0021c                cx_eddsa_sign_no_throw
 .text.cx_hash_sha256
                0x00000000c0d00228        0xc build/nanos/obj/cx_stubs.o
                0x00000000c0d00228                cx_hash_sha256
 .text.cx_rng_no_throw
                0x00000000c0d00234        0xc build/nanos/obj/cx_stubs.o
                0x00000000c0d00234                cx_rng_no_throw
 .text.cx_x448  0x00000000c0d00240       0x14 build/nanos/obj/cx_stubs.o
                0x00000000c0d00240                cx_x448
 .text.reset_getpubkey_globals
                0x00000000c0d00254       0x1c build/nanos/obj/getPubkey.o
                0x00000000c0d00254                reset_getpubkey_globals
 .text.ux_display_public_flow_6_step_validateinit
                0x00000000c0d00270       0x20 build/nanos/obj/getPubkey.o
                0x00000000c0d00270                ux_display_public_flow_6_step_validateinit
 .text.ux_display_public_flow_7_step_validateinit
                0x00000000c0d00290        0xc build/nanos/obj/getPubkey.o
                0x00000000c0d00290                ux_display_public_flow_7_step_validateinit
 .text.handle_get_pubkey
                0x00000000c0d0029c       0x8c build/nanos/obj/getPubkey.o
                0x00000000c0d0029c                handle_get_pubkey
 .text.parse_system_transfer_instruction
                0x00000000c0d00328       0x24 build/nanos/obj/instruction.o
                0x00000000c0d00328                parse_system_transfer_instruction
 .text.print_system_transfer_info
                0x00000000c0d0034c       0x30 build/nanos/obj/instruction.o
                0x00000000c0d0034c                print_system_transfer_info
 .text.handleApdu
                0x00000000c0d0037c       0xa8 build/nanos/obj/main.o
                0x00000000c0d0037c                handleApdu
 .text.app_main
                0x00000000c0d00424      0x128 build/nanos/obj/main.o
                0x00000000c0d00424                app_main
 .text.io_seproxyhal_display
                0x00000000c0d0054c        0x8 build/nanos/obj/main.o
                0x00000000c0d0054c                io_seproxyhal_display
 .text.io_event
                0x00000000c0d00554      0x5c8 build/nanos/obj/main.o
                0x00000000c0d00554                io_event
 .text.io_exchange_al
                0x00000000c0d00b1c       0x48 build/nanos/obj/main.o
                0x00000000c0d00b1c                io_exchange_al
 .text.app_exit
                0x00000000c0d00b64       0x40 build/nanos/obj/main.o
                0x00000000c0d00b64                app_exit
 .text.nv_app_state_init
                0x00000000c0d00ba4       0x38 build/nanos/obj/main.o
                0x00000000c0d00ba4                nv_app_state_init
 .text.settings_submenu_getter
                0x00000000c0d00bdc       0x18 build/nanos/obj/menu.o
                0x00000000c0d00bdc                settings_submenu_getter
 .text.settings_submenu_selector
                0x00000000c0d00bf4       0x80 build/nanos/obj/menu.o
                0x00000000c0d00bf4                settings_submenu_selector
 .text.allow_blind_sign_data_getter
                0x00000000c0d00c74       0x18 build/nanos/obj/menu.o
 .text.allow_blind_sign_data_selector
                0x00000000c0d00c8c       0x5c build/nanos/obj/menu.o
 .text.pubkey_display_data_getter
                0x00000000c0d00ce8       0x18 build/nanos/obj/menu.o
 .text.pubkey_display_data_selector
                0x00000000c0d00d00       0x60 build/nanos/obj/menu.o
 .text.display_mode_data_getter
                0x00000000c0d00d60       0x18 build/nanos/obj/menu.o
 .text.display_mode_data_selector
                0x00000000c0d00d78       0x60 build/nanos/obj/menu.o
 .text.ui_idle  0x00000000c0d00dd8       0x24 build/nanos/obj/menu.o
                0x00000000c0d00dd8                ui_idle
 .text.ux_idle_flow_2_step_validateinit
                0x00000000c0d00dfc       0x1c build/nanos/obj/menu.o
                0x00000000c0d00dfc                ux_idle_flow_2_step_validateinit
 .text.ux_idle_flow_4_step_validateinit
                0x00000000c0d00e18        0x6 build/nanos/obj/menu.o
                0x00000000c0d00e18                ux_idle_flow_4_step_validateinit
 .text.process_message_body
                0x00000000c0d00e1e       0x3e build/nanos/obj/message.o
                0x00000000c0d00e1e                process_message_body
 .text.os_boot  0x00000000c0d00e5c        0xa build/nanos/obj/os.o
                0x00000000c0d00e5c                os_boot
 *fill*         0x00000000c0d00e66        0x2 00
 .text.os_longjmp
                0x00000000c0d00e68       0x1c build/nanos/obj/os.o
                0x00000000c0d00e68                os_longjmp
 .text.io_seproxyhal_general_status
                0x00000000c0d00e84       0x14 build/nanos/obj/os_io_seproxyhal.o
                0x00000000c0d00e84                io_seproxyhal_general_status
 .text.io_seproxyhal_handle_usb_event
                0x00000000c0d00e98       0x68 build/nanos/obj/os_io_seproxyhal.o
                0x00000000c0d00e98                io_seproxyhal_handle_usb_event
 .text.io_seproxyhal_get_ep_rx_size
                0x00000000c0d00f00       0x18 build/nanos/obj/os_io_seproxyhal.o
                0x00000000c0d00f00                io_seproxyhal_get_ep_rx_size
 .text.io_seproxyhal_handle_usb_ep_xfer_event
                0x00000000c0d00f18       0x64 build/nanos/obj/os_io_seproxyhal.o
                0x00000000c0d00f18                io_seproxyhal_handle_usb_ep_xfer_event
 .text.io_usb_send_ep
                0x00000000c0d00f7c       0x4c build/nanos/obj/os_io_seproxyhal.o
                0x00000000c0d00f7c                io_usb_send_ep
 .text.io_usb_send_apdu_data
                0x00000000c0d00fc8       0x10 build/nanos/obj/os_io_seproxyhal.o
                0x00000000c0d00fc8                io_usb_send_apdu_data
 .text.io_usb_send_apdu_data_ep0x83
                0x00000000c0d00fd8       0x10 build/nanos/obj/os_io_seproxyhal.o
                0x00000000c0d00fd8                io_usb_send_apdu_data_ep0x83
 .text.io_seproxyhal_handle_event
                0x00000000c0d00fe8       0xa8 build/nanos/obj/os_io_seproxyhal.o
                0x00000000c0d00fe8                io_seproxyhal_handle_event
 .text.io_seproxyhal_init
                0x00000000c0d01090       0x30 build/nanos/obj/os_io_seproxyhal.o
                0x00000000c0d01090                io_seproxyhal_init
 .text.io_seproxyhal_init_ux
                0x00000000c0d010c0        0x2 build/nanos/obj/os_io_seproxyhal.o
                0x00000000c0d010c0                io_seproxyhal_init_ux
 *fill*         0x00000000c0d010c2        0x2 00
 .text.io_seproxyhal_init_button
                0x00000000c0d010c4       0x10 build/nanos/obj/os_io_seproxyhal.o
                0x00000000c0d010c4                io_seproxyhal_init_button
 .text.io_seproxyhal_display_icon
                0x00000000c0d010d4       0xa0 build/nanos/obj/os_io_seproxyhal.o
                0x00000000c0d010d4                io_seproxyhal_display_icon
 .text.io_seproxyhal_display_default
                0x00000000c0d01174       0x90 build/nanos/obj/os_io_seproxyhal.o
                0x00000000c0d01174                io_seproxyhal_display_default
 .text.io_seproxyhal_button_push
                0x00000000c0d01204       0x64 build/nanos/obj/os_io_seproxyhal.o
                0x00000000c0d01204                io_seproxyhal_button_push
 .text.os_io_seproxyhal_get_app_name_and_version
                0x00000000c0d01268       0x48 build/nanos/obj/os_io_seproxyhal.o
                0x00000000c0d01268                os_io_seproxyhal_get_app_name_and_version
 .text.io_exchange
                0x00000000c0d012b0      0x260 build/nanos/obj/os_io_seproxyhal.o
                0x00000000c0d012b0                io_exchange
 .text.os_io_seph_recv_and_process
                0x00000000c0d01510       0x48 build/nanos/obj/os_io_seproxyhal.o
                0x00000000c0d01510                os_io_seph_recv_and_process
 .text.mcu_usb_prints
                0x00000000c0d01558       0x26 build/nanos/obj/os_io_seproxyhal.o
                0x00000000c0d01558                mcu_usb_prints
 *fill*         0x00000000c0d0157e        0x2 00
 .text.io_usb_hid_receive
                0x00000000c0d01580      0x150 build/nanos/obj/os_io_usb.o
                0x00000000c0d01580                io_usb_hid_receive
 .text.io_usb_hid_init
                0x00000000c0d016d0       0x1c build/nanos/obj/os_io_usb.o
                0x00000000c0d016d0                io_usb_hid_init
 .text.io_usb_hid_sent
                0x00000000c0d016ec       0xbc build/nanos/obj/os_io_usb.o
                0x00000000c0d016ec                io_usb_hid_sent
 .text.io_usb_hid_send
                0x00000000c0d017a8       0x34 build/nanos/obj/os_io_usb.o
                0x00000000c0d017a8                io_usb_hid_send
 .text.mcu_usb_printf
                0x00000000c0d017dc      0x340 build/nanos/obj/os_printf.o
                0x00000000c0d017dc                screen_printf
                0x00000000c0d017dc                mcu_usb_printf
 .text.snprintf
                0x00000000c0d01b1c      0x3ac build/nanos/obj/os_printf.o
                0x00000000c0d01b1c                snprintf
 .text.parse_length
                0x00000000c0d01ec8       0x64 build/nanos/obj/parser.o
                0x00000000c0d01ec8                parse_length
 .text.pic_internal
                0x00000000c0d01f2c       0x10 build/nanos/obj/pic.o
                0x00000000c0d01f2c                pic_internal
 .text.pic      0x00000000c0d01f3c       0x1c build/nanos/obj/pic.o
                0x00000000c0d01f3c                pic
 .text.print_token_amount
                0x00000000c0d01f58      0x112 build/nanos/obj/printer.o
                0x00000000c0d01f58                print_token_amount
 *fill*         0x00000000c0d0206a        0x2 00
 .text.print_amount
                0x00000000c0d0206c       0x1c build/nanos/obj/printer.o
                0x00000000c0d0206c                print_amount
 .text.print_sized_string
                0x00000000c0d02088       0x48 build/nanos/obj/printer.o
                0x00000000c0d02088                print_sized_string
 .text.print_string
                0x00000000c0d020d0       0x2c build/nanos/obj/printer.o
                0x00000000c0d020d0                print_string
 .text.print_summary
                0x00000000c0d020fc       0x66 build/nanos/obj/printer.o
                0x00000000c0d020fc                print_summary
 *fill*         0x00000000c0d02162        0x2 00
 .text.encode_base58
                0x00000000c0d02164       0xfc build/nanos/obj/printer.o
                0x00000000c0d02164                encode_base58
 .text.print_i64
                0x00000000c0d02260       0x28 build/nanos/obj/printer.o
                0x00000000c0d02260                print_i64
 .text.print_u64
                0x00000000c0d02288       0xa6 build/nanos/obj/printer.o
                0x00000000c0d02288                print_u64
 .text.print_timestamp
                0x00000000c0d0232e       0x14 build/nanos/obj/printer.o
                0x00000000c0d0232e                print_timestamp
 *fill*         0x00000000c0d02342        0x2 00
 .text.rfc3339_format
                0x00000000c0d02344      0x1f8 build/nanos/obj/rfc3339.o
                0x00000000c0d02344                rfc3339_format
 .text.ux_approve_step_validateinit
                0x00000000c0d0253c       0x10 build/nanos/obj/signMessage.o
                0x00000000c0d0253c                ux_approve_step_validateinit
 .text.ux_reject_step_validateinit
                0x00000000c0d0254c        0xc build/nanos/obj/signMessage.o
                0x00000000c0d0254c                ux_reject_step_validateinit
 .text.ux_summary_step_init
                0x00000000c0d02558       0x40 build/nanos/obj/signMessage.o
                0x00000000c0d02558                ux_summary_step_init
 .text.handle_sign_message_parse_message
                0x00000000c0d02598       0xbc build/nanos/obj/signMessage.o
                0x00000000c0d02598                handle_sign_message_parse_message
 .text.handle_sign_message_ui
                0x00000000c0d02654       0x6c build/nanos/obj/signMessage.o
                0x00000000c0d02654                handle_sign_message_ui
 .text.set_result_sign_message
                0x00000000c0d026c0       0xac build/nanos/obj/signMessage.o
 .text          0x00000000c0d0276c        0xe build/nanos/obj/svc_call.o
                0x00000000c0d0276c                SVC_Call
 .text          0x00000000c0d0277a        0x4 build/nanos/obj/svc_cx_call.o
                0x00000000c0d0277a                SVC_cx_call
 *fill*         0x00000000c0d0277e        0x2 00
 .text.get_api_level
                0x00000000c0d02780       0x1c build/nanos/obj/syscalls.o
                0x00000000c0d02780                get_api_level
 .text.halt     0x00000000c0d0279c       0x18 build/nanos/obj/syscalls.o
                0x00000000c0d0279c                halt
 .text.nvm_write
                0x00000000c0d027b4       0x18 build/nanos/obj/syscalls.o
                0x00000000c0d027b4                nvm_write
 .text.cx_ecdomain_parameters_length
                0x00000000c0d027cc       0x18 build/nanos/obj/syscalls.o
                0x00000000c0d027cc                cx_ecdomain_parameters_length
 .text.os_perso_isonboarded
                0x00000000c0d027e4       0x1c build/nanos/obj/syscalls.o
                0x00000000c0d027e4                os_perso_isonboarded
 .text.os_perso_derive_node_with_seed_key
                0x00000000c0d02800       0x2c build/nanos/obj/syscalls.o
                0x00000000c0d02800                os_perso_derive_node_with_seed_key
 .text.os_perso_seed_cookie
                0x00000000c0d0282c       0x18 build/nanos/obj/syscalls.o
                0x00000000c0d0282c                os_perso_seed_cookie
 .text.os_global_pin_is_validated
                0x00000000c0d02844       0x1c build/nanos/obj/syscalls.o
                0x00000000c0d02844                os_global_pin_is_validated
 .text.os_ux    0x00000000c0d02860       0x1c build/nanos/obj/syscalls.o
                0x00000000c0d02860                os_ux
 .text.os_flags
                0x00000000c0d0287c       0x18 build/nanos/obj/syscalls.o
                0x00000000c0d0287c                os_flags
 .text.os_registry_get_current_app_tag
                0x00000000c0d02894       0x18 build/nanos/obj/syscalls.o
                0x00000000c0d02894                os_registry_get_current_app_tag
 .text.os_sched_exit
                0x00000000c0d028ac       0x18 build/nanos/obj/syscalls.o
                0x00000000c0d028ac                os_sched_exit
 .text.io_seph_send
                0x00000000c0d028c4       0x18 build/nanos/obj/syscalls.o
                0x00000000c0d028c4                io_seph_send
 .text.io_seph_is_status_sent
                0x00000000c0d028dc       0x18 build/nanos/obj/syscalls.o
                0x00000000c0d028dc                io_seph_is_status_sent
 .text.io_seph_recv
                0x00000000c0d028f4       0x1c build/nanos/obj/syscalls.o
                0x00000000c0d028f4                io_seph_recv
 .text.try_context_get
                0x00000000c0d02910       0x18 build/nanos/obj/syscalls.o
                0x00000000c0d02910                try_context_get
 .text.try_context_set
                0x00000000c0d02928       0x1c build/nanos/obj/syscalls.o
                0x00000000c0d02928                try_context_set
 .text.os_sched_last_status
                0x00000000c0d02944       0x1c build/nanos/obj/syscalls.o
                0x00000000c0d02944                os_sched_last_status
 .text.summary_item_set_amount
                0x00000000c0d02960        0xc build/nanos/obj/transaction_summary.o
                0x00000000c0d02960                summary_item_set_amount
 .text.summary_item_set_pubkey
                0x00000000c0d0296c        0xa build/nanos/obj/transaction_summary.o
                0x00000000c0d0296c                summary_item_set_pubkey
 .text.summary_item_set_hash
                0x00000000c0d02976        0xa build/nanos/obj/transaction_summary.o
                0x00000000c0d02976                summary_item_set_hash
 .text.summary_item_set_string
                0x00000000c0d02980        0xa build/nanos/obj/transaction_summary.o
                0x00000000c0d02980                summary_item_set_string
 *fill*         0x00000000c0d0298a        0x2 00
 .text.transaction_summary_reset
                0x00000000c0d0298c       0x2c build/nanos/obj/transaction_summary.o
                0x00000000c0d0298c                transaction_summary_reset
 .text.transaction_summary_primary_item
                0x00000000c0d029b8       0x10 build/nanos/obj/transaction_summary.o
                0x00000000c0d029b8                transaction_summary_primary_item
 .text.transaction_summary_general_item
                0x00000000c0d029c8       0x1c build/nanos/obj/transaction_summary.o
                0x00000000c0d029c8                transaction_summary_general_item
 .text.transaction_summary_display_item
                0x00000000c0d029e4      0x158 build/nanos/obj/transaction_summary.o
                0x00000000c0d029e4                transaction_summary_display_item
 .text.transaction_summary_finalize
                0x00000000c0d02b3c       0x54 build/nanos/obj/transaction_summary.o
                0x00000000c0d02b3c                transaction_summary_finalize
 .text.USBD_LL_Init
                0x00000000c0d02b90       0x14 build/nanos/obj/usbd_conf.o
                0x00000000c0d02b90                USBD_LL_Init
 .text.USBD_LL_DeInit
                0x00000000c0d02ba4       0x24 build/nanos/obj/usbd_conf.o
                0x00000000c0d02ba4                USBD_LL_DeInit
 .text.USBD_LL_Start
                0x00000000c0d02bc8       0x38 build/nanos/obj/usbd_conf.o
                0x00000000c0d02bc8                USBD_LL_Start
 .text.USBD_LL_Stop
                0x00000000c0d02c00       0x22 build/nanos/obj/usbd_conf.o
                0x00000000c0d02c00                USBD_LL_Stop
 *fill*         0x00000000c0d02c22        0x2 00
 .text.USBD_LL_OpenEP
                0x00000000c0d02c24       0x60 build/nanos/obj/usbd_conf.o
                0x00000000c0d02c24                USBD_LL_OpenEP
 .text.USBD_LL_StallEP
                0x00000000c0d02c84       0x48 build/nanos/obj/usbd_conf.o
                0x00000000c0d02c84                USBD_LL_StallEP
 .text.USBD_LL_ClearStallEP
                0x00000000c0d02ccc       0x48 build/nanos/obj/usbd_conf.o
                0x00000000c0d02ccc                USBD_LL_ClearStallEP
 .text.USBD_LL_IsStallEP
                0x00000000c0d02d14       0x20 build/nanos/obj/usbd_conf.o
                0x00000000c0d02d14                USBD_LL_IsStallEP
 .text.USBD_LL_SetUSBAddress
                0x00000000c0d02d34       0x24 build/nanos/obj/usbd_conf.o
                0x00000000c0d02d34                USBD_LL_SetUSBAddress
 .text.USBD_LL_Transmit
                0x00000000c0d02d58       0x32 build/nanos/obj/usbd_conf.o
                0x00000000c0d02d58                USBD_LL_Transmit
 .text.USBD_LL_PrepareReceive
                0x00000000c0d02d8a       0x26 build/nanos/obj/usbd_conf.o
                0x00000000c0d02d8a                USBD_LL_PrepareReceive
 .text.USBD_Init
                0x00000000c0d02db0       0x38 build/nanos/obj/usbd_core.o
                0x00000000c0d02db0                USBD_Init
 .text.USBD_DeInit
                0x00000000c0d02de8       0x3c build/nanos/obj/usbd_core.o
                0x00000000c0d02de8                USBD_DeInit
 .text.USBD_RegisterClassForInterface
                0x00000000c0d02e24       0x1a build/nanos/obj/usbd_core.o
                0x00000000c0d02e24                USBD_RegisterClassForInterface
 .text.USBD_Start
                0x00000000c0d02e3e        0xa build/nanos/obj/usbd_core.o
                0x00000000c0d02e3e                USBD_Start
 .text.USBD_SetClassConfig
                0x00000000c0d02e48       0x36 build/nanos/obj/usbd_core.o
                0x00000000c0d02e48                USBD_SetClassConfig
 .text.USBD_ClrClassConfig
                0x00000000c0d02e7e       0x36 build/nanos/obj/usbd_core.o
                0x00000000c0d02e7e                USBD_ClrClassConfig
 .text.USBD_LL_SetupStage
                0x00000000c0d02eb4       0x5c build/nanos/obj/usbd_core.o
                0x00000000c0d02eb4                USBD_LL_SetupStage
 .text.USBD_LL_DataOutStage
                0x00000000c0d02f10       0xac build/nanos/obj/usbd_core.o
                0x00000000c0d02f10                USBD_LL_DataOutStage
 .text.USBD_LL_DataInStage
                0x00000000c0d02fbc       0xd8 build/nanos/obj/usbd_core.o
                0x00000000c0d02fbc                USBD_LL_DataInStage
 .text.USBD_LL_Reset
                0x00000000c0d03094       0x3e build/nanos/obj/usbd_core.o
                0x00000000c0d03094                USBD_LL_Reset
 .text.USBD_LL_SetSpeed
                0x00000000c0d030d2        0x6 build/nanos/obj/usbd_core.o
                0x00000000c0d030d2                USBD_LL_SetSpeed
 .text.USBD_LL_Suspend
                0x00000000c0d030d8        0x4 build/nanos/obj/usbd_core.o
                0x00000000c0d030d8                USBD_LL_Suspend
 .text.USBD_LL_Resume
                0x00000000c0d030dc        0x4 build/nanos/obj/usbd_core.o
                0x00000000c0d030dc                USBD_LL_Resume
 .text.USBD_LL_SOF
                0x00000000c0d030e0       0x3a build/nanos/obj/usbd_core.o
                0x00000000c0d030e0                USBD_LL_SOF
 .text.usbd_is_valid_intf
                0x00000000c0d0311a       0x16 build/nanos/obj/usbd_ctlreq.o
                0x00000000c0d0311a                usbd_is_valid_intf
 .text.USBD_StdDevReq
                0x00000000c0d03130       0x5a build/nanos/obj/usbd_ctlreq.o
                0x00000000c0d03130                USBD_StdDevReq
 .text.USBD_GetDescriptor
                0x00000000c0d0318a       0xfa build/nanos/obj/usbd_ctlreq.o
                0x00000000c0d0318a                USBD_GetDescriptor
 .text.USBD_SetAddress
                0x00000000c0d03284       0x46 build/nanos/obj/usbd_ctlreq.o
                0x00000000c0d03284                USBD_SetAddress
 .text.USBD_SetConfig
                0x00000000c0d032ca       0x6e build/nanos/obj/usbd_ctlreq.o
                0x00000000c0d032ca                USBD_SetConfig
 .text.USBD_GetConfig
                0x00000000c0d03338       0x2e build/nanos/obj/usbd_ctlreq.o
                0x00000000c0d03338                USBD_GetConfig
 .text.USBD_GetStatus
                0x00000000c0d03366       0x48 build/nanos/obj/usbd_ctlreq.o
                0x00000000c0d03366                USBD_GetStatus
 .text.USBD_SetFeature
                0x00000000c0d033ae       0x3a build/nanos/obj/usbd_ctlreq.o
                0x00000000c0d033ae                USBD_SetFeature
 .text.USBD_ClrFeature
                0x00000000c0d033e8       0x52 build/nanos/obj/usbd_ctlreq.o
                0x00000000c0d033e8                USBD_ClrFeature
 .text.USBD_StdItfReq
                0x00000000c0d0343a       0x48 build/nanos/obj/usbd_ctlreq.o
                0x00000000c0d0343a                USBD_StdItfReq
 .text.USBD_StdEPReq
                0x00000000c0d03482      0x106 build/nanos/obj/usbd_ctlreq.o
                0x00000000c0d03482                USBD_StdEPReq
 .text.USBD_ParseSetupRequest
                0x00000000c0d03588       0x28 build/nanos/obj/usbd_ctlreq.o
                0x00000000c0d03588                USBD_ParseSetupRequest
 .text.USBD_CtlStall
                0x00000000c0d035b0       0x14 build/nanos/obj/usbd_ctlreq.o
                0x00000000c0d035b0                USBD_CtlStall
 .text.USBD_HID_Setup
                0x00000000c0d035c4       0x94 build/nanos/obj/usbd_hid.o
                0x00000000c0d035c4                USBD_HID_Setup
 .text.USBD_HID_Init
                0x00000000c0d03658       0x32 build/nanos/obj/usbd_hid.o
                0x00000000c0d03658                USBD_HID_Init
 .text.USBD_HID_DeInit
                0x00000000c0d0368a        0x4 build/nanos/obj/usbd_hid.o
                0x00000000c0d0368a                USBD_HID_DeInit
 *fill*         0x00000000c0d0368e        0x2 00
 .text.USBD_HID_GetHidDescriptor_impl
                0x00000000c0d03690       0x28 build/nanos/obj/usbd_impl.o
                0x00000000c0d03690                USBD_HID_GetHidDescriptor_impl
 .text.USBD_HID_GetReportDescriptor_impl
                0x00000000c0d036b8       0x28 build/nanos/obj/usbd_impl.o
                0x00000000c0d036b8                USBD_HID_GetReportDescriptor_impl
 .text.USBD_HID_DataIn_impl
                0x00000000c0d036e0       0x18 build/nanos/obj/usbd_impl.o
                0x00000000c0d036e0                USBD_HID_DataIn_impl
 .text.USBD_HID_DataOut_impl
                0x00000000c0d036f8       0x4c build/nanos/obj/usbd_impl.o
                0x00000000c0d036f8                USBD_HID_DataOut_impl
 .text.USBD_WEBUSB_Init
                0x00000000c0d03744       0x2c build/nanos/obj/usbd_impl.o
                0x00000000c0d03744                USBD_WEBUSB_Init
 .text.USBD_WEBUSB_DeInit
                0x00000000c0d03770        0x4 build/nanos/obj/usbd_impl.o
                0x00000000c0d03770                USBD_WEBUSB_DeInit
 .text.USBD_WEBUSB_Setup
                0x00000000c0d03774        0x4 build/nanos/obj/usbd_impl.o
                0x00000000c0d03774                USBD_WEBUSB_Setup
 .text.USBD_WEBUSB_DataIn
                0x00000000c0d03778       0x18 build/nanos/obj/usbd_impl.o
                0x00000000c0d03778                USBD_WEBUSB_DataIn
 .text.USBD_WEBUSB_DataOut
                0x00000000c0d03790       0x4c build/nanos/obj/usbd_impl.o
                0x00000000c0d03790                USBD_WEBUSB_DataOut
 .text.USBD_DeviceDescriptor
                0x00000000c0d037dc       0x10 build/nanos/obj/usbd_impl.o
 .text.USBD_LangIDStrDescriptor
                0x00000000c0d037ec       0x10 build/nanos/obj/usbd_impl.o
 .text.USBD_ManufacturerStrDescriptor
                0x00000000c0d037fc       0x10 build/nanos/obj/usbd_impl.o
 .text.USBD_ProductStrDescriptor
                0x00000000c0d0380c       0x10 build/nanos/obj/usbd_impl.o
 .text.USBD_SerialStrDescriptor
                0x00000000c0d0381c       0x10 build/nanos/obj/usbd_impl.o
 .text.USBD_ConfigStrDescriptor
                0x00000000c0d0382c       0x10 build/nanos/obj/usbd_impl.o
 .text.USBD_InterfaceStrDescriptor
                0x00000000c0d0383c       0x10 build/nanos/obj/usbd_impl.o
 .text.USBD_BOSDescriptor
                0x00000000c0d0384c       0x10 build/nanos/obj/usbd_impl.o
 .text.USBD_CtlError
                0x00000000c0d0385c       0x84 build/nanos/obj/usbd_impl.o
                0x00000000c0d0385c                USBD_CtlError
 .text.USB_power
                0x00000000c0d038e0       0x74 build/nanos/obj/usbd_impl.o
                0x00000000c0d038e0                USB_power
 .text.USBD_GetCfgDesc_impl
                0x00000000c0d03954       0x10 build/nanos/obj/usbd_impl.o
 .text.USBD_GetDeviceQualifierDesc_impl
                0x00000000c0d03964       0x10 build/nanos/obj/usbd_impl.o
 .text.USBD_CtlSendData
                0x00000000c0d03974       0x2c build/nanos/obj/usbd_ioreq.o
                0x00000000c0d03974                USBD_CtlSendData
 .text.USBD_CtlContinueSendData
                0x00000000c0d039a0       0x1c build/nanos/obj/usbd_ioreq.o
                0x00000000c0d039a0                USBD_CtlContinueSendData
 .text.USBD_CtlContinueRx
                0x00000000c0d039bc        0xe build/nanos/obj/usbd_ioreq.o
                0x00000000c0d039bc                USBD_CtlContinueRx
 .text.USBD_CtlSendStatus
                0x00000000c0d039ca       0x18 build/nanos/obj/usbd_ioreq.o
                0x00000000c0d039ca                USBD_CtlSendStatus
 .text.USBD_CtlReceiveStatus
                0x00000000c0d039e2       0x16 build/nanos/obj/usbd_ioreq.o
                0x00000000c0d039e2                USBD_CtlReceiveStatus
 .text.get_public_key
                0x00000000c0d039f8       0x9a build/nanos/obj/utils.o
                0x00000000c0d039f8                get_public_key
 .text.get_private_key
                0x00000000c0d03a92       0x8e build/nanos/obj/utils.o
                0x00000000c0d03a92                get_private_key
 .text.get_private_key_with_seed
                0x00000000c0d03b20       0x9c build/nanos/obj/utils.o
                0x00000000c0d03b20                get_private_key_with_seed
 .text.read_derivation_path
                0x00000000c0d03bbc       0x5c build/nanos/obj/utils.o
                0x00000000c0d03bbc                read_derivation_path
 .text.sendResponse
                0x00000000c0d03c18       0x38 build/nanos/obj/utils.o
                0x00000000c0d03c18                sendResponse
 .text.ux_flow_is_first
                0x00000000c0d03c50       0x4c build/nanos/obj/ux_flow_engine.o
                0x00000000c0d03c50                ux_flow_is_first
 .text.ux_flow_is_last
                0x00000000c0d03c9c       0x40 build/nanos/obj/ux_flow_engine.o
                0x00000000c0d03c9c                ux_flow_is_last
 .text.ux_flow_direction
                0x00000000c0d03cdc       0x2c build/nanos/obj/ux_flow_engine.o
                0x00000000c0d03cdc                ux_flow_direction
 .text.ux_flow_next_internal
                0x00000000c0d03d08       0x60 build/nanos/obj/ux_flow_engine.o
 .text.ux_flow_next
                0x00000000c0d03d68        0xa build/nanos/obj/ux_flow_engine.o
                0x00000000c0d03d68                ux_flow_next
 *fill*         0x00000000c0d03d72        0x2 00
 .text.ux_flow_prev
                0x00000000c0d03d74       0x60 build/nanos/obj/ux_flow_engine.o
                0x00000000c0d03d74                ux_flow_prev
 .text.ux_flow_engine_init_step
                0x00000000c0d03dd4       0x78 build/nanos/obj/ux_flow_engine.o
 .text.ux_flow_validate
                0x00000000c0d03e4c       0xb0 build/nanos/obj/ux_flow_engine.o
                0x00000000c0d03e4c                ux_flow_validate
 .text.ux_flow_init
                0x00000000c0d03efc       0x78 build/nanos/obj/ux_flow_engine.o
                0x00000000c0d03efc                ux_flow_init
 .text.ux_flow_button_callback
                0x00000000c0d03f74       0x38 build/nanos/obj/ux_flow_engine.o
                0x00000000c0d03f74                ux_flow_button_callback
 .text.ux_stack_get_step_params
                0x00000000c0d03fac       0x30 build/nanos/obj/ux_flow_engine.o
                0x00000000c0d03fac                ux_stack_get_step_params
 .text.ux_stack_get_current_step_params
                0x00000000c0d03fdc       0x14 build/nanos/obj/ux_flow_engine.o
                0x00000000c0d03fdc                ux_stack_get_current_step_params
 .text.ux_layout_bb_init_common
                0x00000000c0d03ff0       0x3c build/nanos/obj/ux_layout_bb.o
                0x00000000c0d03ff0                ux_layout_bb_init_common
 .text.ux_layout_bn_prepro
                0x00000000c0d0402c       0x24 build/nanos/obj/ux_layout_bn.o
                0x00000000c0d0402c                ux_layout_bn_prepro
 .text.ux_layout_bn_init
                0x00000000c0d04050       0x28 build/nanos/obj/ux_layout_bn.o
                0x00000000c0d04050                ux_layout_bn_init
 .text.ux_layout_nnbnn_prepro
                0x00000000c0d04078       0x54 build/nanos/obj/ux_layout_nnbnn.o
                0x00000000c0d04078                ux_layout_nnbnn_prepro
 .text.ux_layout_nnbnn_init
                0x00000000c0d040cc       0x4c build/nanos/obj/ux_layout_nnbnn.o
                0x00000000c0d040cc                ux_layout_nnbnn_init
 .text.ux_layout_paging_redisplay_common
                0x00000000c0d04118       0x3c build/nanos/obj/ux_layout_paging.o
                0x00000000c0d04118                ux_layout_paging_redisplay_common
 .text.ux_layout_paging_redisplay_by_addr
                0x00000000c0d04154       0x24 build/nanos/obj/ux_layout_paging.o
                0x00000000c0d04154                ux_layout_paging_redisplay_by_addr
 .text.ux_layout_paging_button_callback_by_addr
                0x00000000c0d04178       0x14 build/nanos/obj/ux_layout_paging.o
 .text.ux_layout_paging_prepro_by_addr
                0x00000000c0d0418c       0x12 build/nanos/obj/ux_layout_paging.o
 *fill*         0x00000000c0d0419e        0x2 00
 .text.ux_layout_paging_init_common
                0x00000000c0d041a0       0x7c build/nanos/obj/ux_layout_paging.o
                0x00000000c0d041a0                ux_layout_paging_init_common
 .text.ux_layout_paging_init
                0x00000000c0d0421c       0x1c build/nanos/obj/ux_layout_paging.o
                0x00000000c0d0421c                ux_layout_paging_init
 .text.ux_layout_paging_prepro_common
                0x00000000c0d04238      0x13c build/nanos/obj/ux_layout_paging.o
 .text.ux_layout_paging_button_callback_common
                0x00000000c0d04374       0x6c build/nanos/obj/ux_layout_paging.o
 .text.ux_layout_paging_compute
                0x00000000c0d043e0      0x188 build/nanos/obj/ux_layout_paging_compute.o
                0x00000000c0d043e0                ux_layout_paging_compute
 .text.ux_layout_pb_prepro
                0x00000000c0d04568       0x58 build/nanos/obj/ux_layout_pb.o
                0x00000000c0d04568                ux_layout_pb_prepro
 .text.ux_layout_pb_init
                0x00000000c0d045c0       0x4c build/nanos/obj/ux_layout_pb.o
                0x00000000c0d045c0                ux_layout_pb_init
 .text.ux_layout_pbb_prepro
                0x00000000c0d0460c       0x64 build/nanos/obj/ux_layout_pbb.o
                0x00000000c0d0460c                ux_layout_pbb_prepro
 .text.ux_layout_pbb_init_common
                0x00000000c0d04670       0x3c build/nanos/obj/ux_layout_pbb.o
                0x00000000c0d04670                ux_layout_pbb_init_common
 .text.ux_layout_pnn_prepro
                0x00000000c0d046ac       0x20 build/nanos/obj/ux_layout_pnn.o
                0x00000000c0d046ac                ux_layout_pnn_prepro
 .text.ux_layout_pnn_init
                0x00000000c0d046cc       0x28 build/nanos/obj/ux_layout_pnn.o
                0x00000000c0d046cc                ux_layout_pnn_init
 .text.ux_layout_strings_prepro
                0x00000000c0d046f4       0x58 build/nanos/obj/ux_layout_utils.o
                0x00000000c0d046f4                ux_layout_strings_prepro
 .text.ux_menulist_button
                0x00000000c0d0474c       0x70 build/nanos/obj/ux_menulist.o
                0x00000000c0d0474c                ux_menulist_button
 .text.ux_menulist_refresh
                0x00000000c0d047bc       0x44 build/nanos/obj/ux_menulist.o
                0x00000000c0d047bc                ux_menulist_refresh
 .text.ux_menulist_init_select
                0x00000000c0d04800       0x40 build/nanos/obj/ux_menulist.o
                0x00000000c0d04800                ux_menulist_init_select
 .text.ux_menulist_init
                0x00000000c0d04840        0xa build/nanos/obj/ux_menulist.o
                0x00000000c0d04840                ux_menulist_init
 *fill*         0x00000000c0d0484a        0x2 00
 .text.ux_stack_push
                0x00000000c0d0484c       0x28 build/nanos/obj/ux_stack.o
                0x00000000c0d0484c                ux_stack_push
 .text.ux_stack_display
                0x00000000c0d04874       0x4c build/nanos/obj/ux_stack.o
                0x00000000c0d04874                ux_stack_display
 .text.ux_stack_init
                0x00000000c0d048c0       0x20 build/nanos/obj/ux_stack.o
                0x00000000c0d048c0                ux_stack_init
 .text.ux_stack_al_display_next_element
                0x00000000c0d048e0       0x8c build/nanos/obj/ux_stack.o
                0x00000000c0d048e0                ux_stack_al_display_next_element
 .text          0x00000000c0d0496c       0x8c /usr/lib/gcc/arm-none-eabi/10.3.0/thumb/v6-m/nofp/libgcc.a(_udivsi3.o)
                0x00000000c0d0496c                __udivsi3
                0x00000000c0d0496c                __aeabi_uidiv
                0x00000000c0d049e4                __aeabi_uidivmod
 .text          0x00000000c0d049f8        0x4 /usr/lib/gcc/arm-none-eabi/10.3.0/thumb/v6-m/nofp/libgcc.a(_dvmd_tls.o)
                0x00000000c0d049f8                __aeabi_ldiv0
                0x00000000c0d049f8                __aeabi_idiv0
 .text          0x00000000c0d049fc       0x18 /usr/lib/gcc/arm-none-eabi/10.3.0/thumb/v6-m/nofp/libgcc.a(_ashldi3.o)
                0x00000000c0d049fc                __ashldi3
                0x00000000c0d049fc                __aeabi_llsl
 .text          0x00000000c0d04a14       0x40 /usr/lib/gcc/arm-none-eabi/10.3.0/thumb/v6-m/nofp/libgcc.a(_aeabi_uldivmod.o)
                0x00000000c0d04a14                __aeabi_uldivmod
 .text.__muldi3
                0x00000000c0d04a54       0x48 /usr/lib/gcc/arm-none-eabi/10.3.0/thumb/v6-m/nofp/libgcc.a(_muldi3.o)
                0x00000000c0d04a54                __aeabi_lmul
                0x00000000c0d04a54                __muldi3
 .text.__udivmoddi4
                0x00000000c0d04a9c       0xde /usr/lib/gcc/arm-none-eabi/10.3.0/thumb/v6-m/nofp/libgcc.a(_udivmoddi4.o)
                0x00000000c0d04a9c                __udivmoddi4
 *fill*         0x00000000c0d04b7a        0x2 00
 .text          0x00000000c0d04b7c       0x18 /usr/lib/gcc/arm-none-eabi/10.3.0/thumb/v6-m/nofp/libgcc.a(_lshrdi3.o)
                0x00000000c0d04b7c                __aeabi_llsr
                0x00000000c0d04b7c                __lshrdi3
 .text          0x00000000c0d04b94       0x18 /usr/lib/gcc/arm-none-eabi/10.3.0/thumb/v6-m/nofp/libgcc.a(_clzdi2.o)
                0x00000000c0d04b94                __clzdi2
 .text          0x00000000c0d04bac       0x3c /usr/lib/gcc/arm-none-eabi/10.3.0/thumb/v6-m/nofp/libgcc.a(_clzsi2.o)
                0x00000000c0d04bac                __clzsi2
 .text          0x00000000c0d04be8        0xc /usr/lib/gcc/arm-none-eabi/10.3.0/../../../../arm-none-eabi/lib/thumb/v6-m/nofp/libc_nano.a(lib_a-aeabi_memclr.o)
                0x00000000c0d04be8                __aeabi_memclr8
                0x00000000c0d04be8                __aeabi_memclr
                0x00000000c0d04be8                __aeabi_memclr4
 .text          0x00000000c0d04bf4        0x8 /usr/lib/gcc/arm-none-eabi/10.3.0/../../../../arm-none-eabi/lib/thumb/v6-m/nofp/libc_nano.a(lib_a-aeabi_memcpy.o)
                0x00000000c0d04bf4                __aeabi_memcpy
                0x00000000c0d04bf4                __aeabi_memcpy4
                0x00000000c0d04bf4                __aeabi_memcpy8
 .text          0x00000000c0d04bfc        0x8 /usr/lib/gcc/arm-none-eabi/10.3.0/../../../../arm-none-eabi/lib/thumb/v6-m/nofp/libc_nano.a(lib_a-aeabi_memmove.o)
                0x00000000c0d04bfc                __aeabi_memmove8
                0x00000000c0d04bfc                __aeabi_memmove
                0x00000000c0d04bfc                __aeabi_memmove4
 .text          0x00000000c0d04c04       0x10 /usr/lib/gcc/arm-none-eabi/10.3.0/../../../../arm-none-eabi/lib/thumb/v6-m/nofp/libc_nano.a(lib_a-aeabi_memset.o)
                0x00000000c0d04c04                __aeabi_memset
                0x00000000c0d04c04                __aeabi_memset8
                0x00000000c0d04c04                __aeabi_memset4
 .text          0x00000000c0d04c14        0x8 /usr/lib/gcc/arm-none-eabi/10.3.0/../../../../arm-none-eabi/lib/thumb/v6-m/nofp/libc_nano.a(lib_a-explicit_bzero.o)
                0x00000000c0d04c14                explicit_bzero
 .text          0x00000000c0d04c1c       0xa4 /usr/lib/gcc/arm-none-eabi/10.3.0/../../../../arm-none-eabi/lib/thumb/v6-m/nofp/libc_nano.a(lib_a-memcpy-stub.o)
                0x00000000c0d04c1c                memcpy
 .text          0x00000000c0d04cc0       0xac /usr/lib/gcc/arm-none-eabi/10.3.0/../../../../arm-none-eabi/lib/thumb/v6-m/nofp/libc_nano.a(lib_a-memmove.o)
                0x00000000c0d04cc0                memmove
 .text          0x00000000c0d04d6c       0xa8 /usr/lib/gcc/arm-none-eabi/10.3.0/../../../../arm-none-eabi/lib/thumb/v6-m/nofp/libc_nano.a(lib_a-memset.o)
                0x00000000c0d04d6c                memset
 .text          0x00000000c0d04e14       0x34 /usr/lib/gcc/arm-none-eabi/10.3.0/../../../../arm-none-eabi/lib/thumb/v6-m/nofp/libc_nano.a(lib_a-setjmp.o)
                0x00000000c0d04e14                setjmp
                0x00000000c0d04e2c                longjmp
 .text          0x00000000c0d04e48       0x5c /usr/lib/gcc/arm-none-eabi/10.3.0/../../../../arm-none-eabi/lib/thumb/v6-m/nofp/libc_nano.a(lib_a-strlen-stub.o)
                0x00000000c0d04e48                strlen
 .text          0x00000000c0d04ea4       0x6c /usr/lib/gcc/arm-none-eabi/10.3.0/../../../../arm-none-eabi/lib/thumb/v6-m/nofp/libc_nano.a(lib_a-strncpy.o)
                0x00000000c0d04ea4                strncpy
 .text          0x00000000c0d04f10        0xc /usr/lib/gcc/arm-none-eabi/10.3.0/../../../../arm-none-eabi/lib/thumb/v6-m/nofp/libc_nano.a(lib_a-bzero.o)
                0x00000000c0d04f10                bzero
 *(.rodata)
 *(.rodata.[^N]*)
 .rodata.str1.1
                0x00000000c0d04f1c       0x16 build/nanos/obj/getPubkey.o
 *fill*         0x00000000c0d04f32        0x2 00
 .rodata.ux_display_public_flow_5_step_val
                0x00000000c0d04f34        0x8 build/nanos/obj/getPubkey.o
                0x00000000c0d04f34                ux_display_public_flow_5_step_val
 .rodata.ux_display_public_flow_5_step
                0x00000000c0d04f3c       0x10 build/nanos/obj/getPubkey.o
                0x00000000c0d04f3c                ux_display_public_flow_5_step
 .rodata.ux_display_public_flow_6_step_validate_step
                0x00000000c0d04f4c       0x10 build/nanos/obj/getPubkey.o
                0x00000000c0d04f4c                ux_display_public_flow_6_step_validate_step
 .rodata.ux_display_public_flow_6_step_validate
                0x00000000c0d04f5c        0x8 build/nanos/obj/getPubkey.o
                0x00000000c0d04f5c                ux_display_public_flow_6_step_validate
 .rodata.ux_display_public_flow_6_step_val
                0x00000000c0d04f64        0x8 build/nanos/obj/getPubkey.o
                0x00000000c0d04f64                ux_display_public_flow_6_step_val
 .rodata.ux_display_public_flow_6_step
                0x00000000c0d04f6c       0x10 build/nanos/obj/getPubkey.o
                0x00000000c0d04f6c                ux_display_public_flow_6_step
 .rodata.ux_display_public_flow_7_step_validate_step
                0x00000000c0d04f7c       0x10 build/nanos/obj/getPubkey.o
                0x00000000c0d04f7c                ux_display_public_flow_7_step_validate_step
 .rodata.ux_display_public_flow_7_step_validate
                0x00000000c0d04f8c        0x8 build/nanos/obj/getPubkey.o
                0x00000000c0d04f8c                ux_display_public_flow_7_step_validate
 .rodata.ux_display_public_flow_7_step_val
                0x00000000c0d04f94        0x8 build/nanos/obj/getPubkey.o
                0x00000000c0d04f94                ux_display_public_flow_7_step_val
 .rodata.ux_display_public_flow_7_step
                0x00000000c0d04f9c       0x10 build/nanos/obj/getPubkey.o
                0x00000000c0d04f9c                ux_display_public_flow_7_step
 .rodata.ux_display_public_flow
                0x00000000c0d04fac       0x10 build/nanos/obj/getPubkey.o
                0x00000000c0d04fac                ux_display_public_flow
 .rodata.C_aelf_logo_colors
                0x00000000c0d04fbc        0x8 build/nanos/obj/glyphs.o
                0x00000000c0d04fbc                C_aelf_logo_colors
 .rodata.C_aelf_logo_bitmap
                0x00000000c0d04fc4       0x20 build/nanos/obj/glyphs.o
                0x00000000c0d04fc4                C_aelf_logo_bitmap
 .rodata.C_aelf_logo
                0x00000000c0d04fe4       0x14 build/nanos/obj/glyphs.o
                0x00000000c0d04fe4                C_aelf_logo
 .rodata.C_icon_coggle_colors
                0x00000000c0d04ff8        0x8 build/nanos/obj/glyphs.o
                0x00000000c0d04ff8                C_icon_coggle_colors
 .rodata.C_icon_coggle_bitmap
                0x00000000c0d05000       0x19 build/nanos/obj/glyphs.o
                0x00000000c0d05000                C_icon_coggle_bitmap
 *fill*         0x00000000c0d05019        0x3 00
 .rodata.C_icon_coggle
                0x00000000c0d0501c       0x14 build/nanos/obj/glyphs.o
                0x00000000c0d0501c                C_icon_coggle
 .rodata.C_icon_crossmark_colors
                0x00000000c0d05030        0x8 build/nanos/obj/glyphs.o
                0x00000000c0d05030                C_icon_crossmark_colors
 .rodata.C_icon_crossmark_bitmap
                0x00000000c0d05038       0x19 build/nanos/obj/glyphs.o
                0x00000000c0d05038                C_icon_crossmark_bitmap
 *fill*         0x00000000c0d05051        0x3 00
 .rodata.C_icon_crossmark
                0x00000000c0d05054       0x14 build/nanos/obj/glyphs.o
                0x00000000c0d05054                C_icon_crossmark
 .rodata.C_icon_dashboard_x_colors
                0x00000000c0d05068        0x8 build/nanos/obj/glyphs.o
                0x00000000c0d05068                C_icon_dashboard_x_colors
 .rodata.C_icon_dashboard_x_bitmap
                0x00000000c0d05070       0x19 build/nanos/obj/glyphs.o
                0x00000000c0d05070                C_icon_dashboard_x_bitmap
 *fill*         0x00000000c0d05089        0x3 00
 .rodata.C_icon_dashboard_x
                0x00000000c0d0508c       0x14 build/nanos/obj/glyphs.o
                0x00000000c0d0508c                C_icon_dashboard_x
 .rodata.C_icon_down_colors
                0x00000000c0d050a0        0x8 build/nanos/obj/glyphs.o
                0x00000000c0d050a0                C_icon_down_colors
 .rodata.C_icon_down_bitmap
                0x00000000c0d050a8        0x4 build/nanos/obj/glyphs.o
                0x00000000c0d050a8                C_icon_down_bitmap
 .rodata.C_icon_down
                0x00000000c0d050ac       0x14 build/nanos/obj/glyphs.o
                0x00000000c0d050ac                C_icon_down
 .rodata.C_icon_left_colors
                0x00000000c0d050c0        0x8 build/nanos/obj/glyphs.o
                0x00000000c0d050c0                C_icon_left_colors
 .rodata.C_icon_left_bitmap
                0x00000000c0d050c8        0x4 build/nanos/obj/glyphs.o
                0x00000000c0d050c8                C_icon_left_bitmap
 .rodata.C_icon_left
                0x00000000c0d050cc       0x14 build/nanos/obj/glyphs.o
                0x00000000c0d050cc                C_icon_left
 .rodata.C_icon_right_colors
                0x00000000c0d050e0        0x8 build/nanos/obj/glyphs.o
                0x00000000c0d050e0                C_icon_right_colors
 .rodata.C_icon_right_bitmap
                0x00000000c0d050e8        0x4 build/nanos/obj/glyphs.o
                0x00000000c0d050e8                C_icon_right_bitmap
 .rodata.C_icon_right
                0x00000000c0d050ec       0x14 build/nanos/obj/glyphs.o
                0x00000000c0d050ec                C_icon_right
 .rodata.C_icon_up_colors
                0x00000000c0d05100        0x8 build/nanos/obj/glyphs.o
                0x00000000c0d05100                C_icon_up_colors
 .rodata.C_icon_up_bitmap
                0x00000000c0d05108        0x4 build/nanos/obj/glyphs.o
                0x00000000c0d05108                C_icon_up_bitmap
 .rodata.C_icon_up
                0x00000000c0d0510c       0x14 build/nanos/obj/glyphs.o
                0x00000000c0d0510c                C_icon_up
 .rodata.C_icon_validate_14_colors
                0x00000000c0d05120        0x8 build/nanos/obj/glyphs.o
                0x00000000c0d05120                C_icon_validate_14_colors
 .rodata.C_icon_validate_14_bitmap
                0x00000000c0d05128       0x19 build/nanos/obj/glyphs.o
                0x00000000c0d05128                C_icon_validate_14_bitmap
 *fill*         0x00000000c0d05141        0x3 00
 .rodata.C_icon_validate_14
                0x00000000c0d05144       0x14 build/nanos/obj/glyphs.o
                0x00000000c0d05144                C_icon_validate_14
 .rodata.str1.1
                0x00000000c0d05158       0x2c build/nanos/obj/instruction.o
 .rodata.str1.1
                0x00000000c0d05184       0x19 build/nanos/obj/main.o
 .rodata.str1.1
                0x00000000c0d0519d       0x80 build/nanos/obj/menu.o
 *fill*         0x00000000c0d0521d        0x3 00
 .rodata.settings_submenu_getter_values
                0x00000000c0d05220       0x10 build/nanos/obj/menu.o
                0x00000000c0d05220                settings_submenu_getter_values
 .rodata.no_yes_data_getter_values
                0x00000000c0d05230        0xc build/nanos/obj/menu.o
                0x00000000c0d05230                no_yes_data_getter_values
 .rodata.pubkey_display_data_getter_values
                0x00000000c0d0523c        0xc build/nanos/obj/menu.o
                0x00000000c0d0523c                pubkey_display_data_getter_values
 .rodata.display_mode_data_getter_values
                0x00000000c0d05248        0xc build/nanos/obj/menu.o
                0x00000000c0d05248                display_mode_data_getter_values
 .rodata.ux_idle_flow_1_step_val
                0x00000000c0d05254        0xc build/nanos/obj/menu.o
                0x00000000c0d05254                ux_idle_flow_1_step_val
 .rodata.ux_idle_flow_1_step
                0x00000000c0d05260       0x10 build/nanos/obj/menu.o
                0x00000000c0d05260                ux_idle_flow_1_step
 .rodata.ux_idle_flow_2_step_validate_step
                0x00000000c0d05270       0x10 build/nanos/obj/menu.o
                0x00000000c0d05270                ux_idle_flow_2_step_validate_step
 .rodata.ux_idle_flow_2_step_validate
                0x00000000c0d05280        0x8 build/nanos/obj/menu.o
                0x00000000c0d05280                ux_idle_flow_2_step_validate
 .rodata.ux_idle_flow_2_step_val
                0x00000000c0d05288        0x8 build/nanos/obj/menu.o
                0x00000000c0d05288                ux_idle_flow_2_step_val
 .rodata.ux_idle_flow_2_step
                0x00000000c0d05290       0x10 build/nanos/obj/menu.o
                0x00000000c0d05290                ux_idle_flow_2_step
 .rodata.ux_idle_flow_3_step_val
                0x00000000c0d052a0        0x8 build/nanos/obj/menu.o
                0x00000000c0d052a0                ux_idle_flow_3_step_val
 .rodata.ux_idle_flow_3_step
                0x00000000c0d052a8       0x10 build/nanos/obj/menu.o
                0x00000000c0d052a8                ux_idle_flow_3_step
 .rodata.ux_idle_flow_4_step_validate_step
                0x00000000c0d052b8       0x10 build/nanos/obj/menu.o
                0x00000000c0d052b8                ux_idle_flow_4_step_validate_step
 .rodata.ux_idle_flow_4_step_validate
                0x00000000c0d052c8        0x8 build/nanos/obj/menu.o
                0x00000000c0d052c8                ux_idle_flow_4_step_validate
 .rodata.ux_idle_flow_4_step_val
                0x00000000c0d052d0        0x8 build/nanos/obj/menu.o
                0x00000000c0d052d0                ux_idle_flow_4_step_val
 .rodata.ux_idle_flow_4_step
                0x00000000c0d052d8       0x10 build/nanos/obj/menu.o
                0x00000000c0d052d8                ux_idle_flow_4_step
 .rodata.ux_idle_flow
                0x00000000c0d052e8       0x18 build/nanos/obj/menu.o
                0x00000000c0d052e8                ux_idle_flow
 .rodata.str1.1
                0x00000000c0d05300       0x1a build/nanos/obj/os.o
 .rodata.seph_io_general_status
                0x00000000c0d0531a        0x5 build/nanos/obj/os_io_seproxyhal.o
 .rodata.str1.1
                0x00000000c0d0531f        0x8 build/nanos/obj/os_printf.o
 .rodata.g_pcHex
                0x00000000c0d05327       0x10 build/nanos/obj/os_printf.o
 .rodata.g_pcHex_cap
                0x00000000c0d05337       0x10 build/nanos/obj/os_printf.o
 .rodata.str1.1
                0x00000000c0d05347        0x4 build/nanos/obj/printer.o
 .rodata.BASE58_ALPHABET
                0x00000000c0d0534b       0x3a build/nanos/obj/printer.o
 *fill*         0x00000000c0d05385        0x1 00
 .rodata.DayOffset
                0x00000000c0d05386       0x1a build/nanos/obj/rfc3339.o
 .rodata.ux_approve_step_validate_step
                0x00000000c0d053a0       0x10 build/nanos/obj/signMessage.o
                0x00000000c0d053a0                ux_approve_step_validate_step
 .rodata.ux_approve_step_validate
                0x00000000c0d053b0        0x8 build/nanos/obj/signMessage.o
                0x00000000c0d053b0                ux_approve_step_validate
 .rodata.str1.1
                0x00000000c0d053b8       0x2c build/nanos/obj/signMessage.o
                                         0x3b (size before relaxing)
 .rodata.ux_approve_step_val
                0x00000000c0d053e4        0x8 build/nanos/obj/signMessage.o
                0x00000000c0d053e4                ux_approve_step_val
 .rodata.ux_approve_step
                0x00000000c0d053ec       0x10 build/nanos/obj/signMessage.o
                0x00000000c0d053ec                ux_approve_step
 .rodata.ux_reject_step_validate_step
                0x00000000c0d053fc       0x10 build/nanos/obj/signMessage.o
                0x00000000c0d053fc                ux_reject_step_validate_step
 .rodata.ux_reject_step_validate
                0x00000000c0d0540c        0x8 build/nanos/obj/signMessage.o
                0x00000000c0d0540c                ux_reject_step_validate
 .rodata.ux_reject_step_val
                0x00000000c0d05414        0x8 build/nanos/obj/signMessage.o
                0x00000000c0d05414                ux_reject_step_val
 .rodata.ux_reject_step
                0x00000000c0d0541c       0x10 build/nanos/obj/signMessage.o
                0x00000000c0d0541c                ux_reject_step
 .rodata.ux_summary_step_val
                0x00000000c0d0542c        0x8 build/nanos/obj/signMessage.o
                0x00000000c0d0542c                ux_summary_step_val
 .rodata.ux_summary_step
                0x00000000c0d05434       0x10 build/nanos/obj/signMessage.o
                0x00000000c0d05434                ux_summary_step
 .rodata.USBD_HID_Desc
                0x00000000c0d05444        0x9 build/nanos/obj/usbd_impl.o
                0x00000000c0d05444                USBD_HID_Desc
 .rodata.HID_ReportDesc
                0x00000000c0d0544d       0x22 build/nanos/obj/usbd_impl.o
 .rodata.C_usb_bos
                0x00000000c0d0546f       0x39 build/nanos/obj/usbd_impl.o
                0x00000000c0d0546f                C_usb_bos
 .rodata.HID_Desc
                0x00000000c0d054a8       0x20 build/nanos/obj/usbd_impl.o
                0x00000000c0d054a8                HID_Desc
 .rodata.C_winusb_string_descriptor
                0x00000000c0d054c8       0x12 build/nanos/obj/usbd_impl.o
 .rodata.C_winusb_guid
                0x00000000c0d054da       0x92 build/nanos/obj/usbd_impl.o
 .rodata.C_winusb_request_descriptor
                0x00000000c0d0556c       0xb2 build/nanos/obj/usbd_impl.o
 *fill*         0x00000000c0d0561e        0x2 00
 .rodata.USBD_HID
                0x00000000c0d05620       0x38 build/nanos/obj/usbd_impl.o
 .rodata.USBD_WEBUSB
                0x00000000c0d05658       0x38 build/nanos/obj/usbd_impl.o
 .rodata.USBD_DeviceDesc
                0x00000000c0d05690       0x12 build/nanos/obj/usbd_impl.o
 .rodata.USBD_LangIDDesc
                0x00000000c0d056a2        0x4 build/nanos/obj/usbd_impl.o
 .rodata.USBD_MANUFACTURER_STRING
                0x00000000c0d056a6        0xe build/nanos/obj/usbd_impl.o
 .rodata.USBD_PRODUCT_FS_STRING
                0x00000000c0d056b4        0xe build/nanos/obj/usbd_impl.o
 .rodata.USB_SERIAL_STRING
                0x00000000c0d056c2        0xa build/nanos/obj/usbd_impl.o
 .rodata.C_winusb_wcid
                0x00000000c0d056cc       0x28 build/nanos/obj/usbd_impl.o
 .rodata.USBD_CfgDesc
                0x00000000c0d056f4       0x40 build/nanos/obj/usbd_impl.o
 .rodata.USBD_DeviceQualifierDesc
                0x00000000c0d05734        0xa build/nanos/obj/usbd_impl.o
 .rodata.str1.1
                0x00000000c0d0573e        0xd build/nanos/obj/utils.o
 *fill*         0x00000000c0d0574b        0x1 00
 .rodata.ux_layout_bb_elements
                0x00000000c0d0574c       0xa0 build/nanos/obj/ux_layout_bb.o
                0x00000000c0d0574c                ux_layout_bb_elements
 .rodata.ux_layout_nnbnn_elements
                0x00000000c0d057ec       0xc0 build/nanos/obj/ux_layout_nnbnn.o
                0x00000000c0d057ec                ux_layout_nnbnn_elements
 .rodata.str1.1
                0x00000000c0d058ac       0x19 build/nanos/obj/ux_layout_paging.o
                                         0x1a (size before relaxing)
 .rodata.nanos_characters_width
                0x00000000c0d058c5       0x60 build/nanos/obj/ux_layout_paging_compute.o
                0x00000000c0d058c5                nanos_characters_width
 *fill*         0x00000000c0d05925        0x3 00
 .rodata.ux_layout_pb_elements
                0x00000000c0d05928       0xa0 build/nanos/obj/ux_layout_pb.o
                0x00000000c0d05928                ux_layout_pb_elements
 .rodata.ux_layout_pbb_elements
                0x00000000c0d059c8       0xc0 build/nanos/obj/ux_layout_pbb.o
                0x00000000c0d059c8                ux_layout_pbb_elements
 .rodata.ux_menulist_conststep
                0x00000000c0d05a88       0x10 build/nanos/obj/ux_menulist.o
                0x00000000c0d05a88                ux_menulist_conststep
 .rodata.ux_menulist_constflow
                0x00000000c0d05a98        0x8 build/nanos/obj/ux_menulist.o
                0x00000000c0d05a98                ux_menulist_constflow
 *(.rodata.N[^_]*)
                0x00000000c0d05aa0                . = ALIGN (0x4)
                0x00000000c0d05aa0                _etext = .
                0x00000000c0d05ac0                . = ALIGN (PAGE_SIZE)
 *fill*         0x00000000c0d05aa0       0x20 00
                0x00000000c0d05ac0                _nvram_data = .
 *(.bss.N_* .rodata.N_*)
 .rodata.N_storage_real
                0x00000000c0d05ac0        0x4 build/nanos/obj/globals.o
                0x00000000c0d05ac0                N_storage_real
                0x00000000c0d05b00                . = ALIGN (PAGE_SIZE)
 *fill*         0x00000000c0d05ac4       0x3c 00
                0x00000000c0d05b00                _envram_data = .
                0x00000000c0d05b00                _install_parameters = .
                0x00000000c0d05b00                _nvram_end = .

.glue_7         0x00000000c0d05b00        0x0
 .glue_7        0x00000000c0d05b00        0x0 linker stubs

.glue_7t        0x00000000c0d05b00        0x0
 .glue_7t       0x00000000c0d05b00        0x0 linker stubs

.vfp11_veneer   0x00000000c0d05b00        0x0
 .vfp11_veneer  0x00000000c0d05b00        0x0 linker stubs

.v4_bx          0x00000000c0d05b00        0x0
 .v4_bx         0x00000000c0d05b00        0x0 linker stubs

.iplt           0x00000000c0d05b00        0x0
 .iplt          0x00000000c0d05b00        0x0 build/nanos/obj/apdu.o

.data           0x00000000d0000000        0x0
                0x00000000d0000000                . = ALIGN (0x4)
                0x00000000d0000000                _data = .
 *(vtable)
 *(.data*)
                0x00000000d0000000                _edata = .

.igot.plt       0x00000000d0000000        0x0
 .igot.plt      0x00000000d0000000        0x0 build/nanos/obj/apdu.o

.cx_ram         0x0000000020001400      0x400
                0x0000000020001400                _cxram = .
                0x0000000000000000                . = (_cxram + ORIGIN (CXSRAM))
 *(.bss.G_cx)
                0x0000000020001800                . = (_cxram + LENGTH (CXSRAM))
 *fill*         0x0000000020001400      0x400 00

.bss            0x0000000020000200      0xfd0
                0x0000000020000200                _bss = .
 *(.bss*)
 .bss.G_publicKey
                0x0000000020000200       0x20 build/nanos/obj/getPubkey.o
 .bss.G_publicKeyStr
                0x0000000020000220       0x2d build/nanos/obj/getPubkey.o
 *fill*         0x000000002000024d        0x3 00
 .bss.G_ux      0x0000000020000250      0x108 build/nanos/obj/globals.o
                0x0000000020000250                G_ux
 .bss.G_ux_params
                0x0000000020000358        0x8 build/nanos/obj/globals.o
                0x0000000020000358                G_ux_params
 .bss.ux_step   0x0000000020000360        0x4 build/nanos/obj/globals.o
                0x0000000020000360                ux_step
 .bss.ux_step_count
                0x0000000020000364        0x4 build/nanos/obj/globals.o
                0x0000000020000364                ux_step_count
 .bss.G_command
                0x0000000020000368      0x544 build/nanos/obj/main.o
                0x0000000020000368                G_command
 .bss.G_io_seproxyhal_spi_buffer
                0x00000000200008ac       0x80 build/nanos/obj/main.o
                0x00000000200008ac                G_io_seproxyhal_spi_buffer
 .bss.G_io_apdu_buffer
                0x000000002000092c      0x104 build/nanos/obj/os.o
                0x000000002000092c                G_io_apdu_buffer
 .bss.G_io_app  0x0000000020000a30       0x20 build/nanos/obj/os_io_seproxyhal.o
                0x0000000020000a30                G_io_app
 .bss.G_ux_os   0x0000000020000a50        0x8 build/nanos/obj/os_io_seproxyhal.o
                0x0000000020000a50                G_ux_os
 .bss.G_io_usb_ep_buffer
                0x0000000020000a58       0x40 build/nanos/obj/os_io_seproxyhal.o
                0x0000000020000a58                G_io_usb_ep_buffer
 .bss.G_io_usb_hid_sequence_number
                0x0000000020000a98        0x4 build/nanos/obj/os_io_usb.o
                0x0000000020000a98                G_io_usb_hid_sequence_number
 .bss.G_io_usb_hid_total_length
                0x0000000020000a9c        0x4 build/nanos/obj/os_io_usb.o
                0x0000000020000a9c                G_io_usb_hid_total_length
 .bss.G_io_usb_hid_remaining_length
                0x0000000020000aa0        0x4 build/nanos/obj/os_io_usb.o
                0x0000000020000aa0                G_io_usb_hid_remaining_length
 .bss.G_io_usb_hid_current_buffer
                0x0000000020000aa4        0x4 build/nanos/obj/os_io_usb.o
                0x0000000020000aa4                G_io_usb_hid_current_buffer
 .bss.G_io_usb_hid_channel
                0x0000000020000aa8        0x4 build/nanos/obj/os_io_usb.o
                0x0000000020000aa8                G_io_usb_hid_channel
 .bss.flow_steps
                0x0000000020000aac       0x48 build/nanos/obj/signMessage.o
 *fill*         0x0000000020000af4        0x4 00
 .bss.G_transaction_summary
                0x0000000020000af8      0x168 build/nanos/obj/transaction_summary.o
 .bss.G_transaction_summary_title
                0x0000000020000c60       0x20 build/nanos/obj/transaction_summary.o
                0x0000000020000c60                G_transaction_summary_title
 .bss.G_transaction_summary_text
                0x0000000020000c80       0x2d build/nanos/obj/transaction_summary.o
                0x0000000020000c80                G_transaction_summary_text
 *fill*         0x0000000020000cad        0x3 00
 .bss.ep_in_stall
                0x0000000020000cb0        0x4 build/nanos/obj/usbd_conf.o
                0x0000000020000cb0                ep_in_stall
 .bss.ep_out_stall
                0x0000000020000cb4        0x4 build/nanos/obj/usbd_conf.o
                0x0000000020000cb4                ep_out_stall
 .bss.USBD_Device
                0x0000000020000cb8      0x114 build/nanos/obj/usbd_core.o
                0x0000000020000cb8                USBD_Device
                0x0000000020000dcc                _ebss = .
                0x0000000020000dcc                . = ALIGN (0x4)
                0x0000000020000dcc                app_stack_canary = .
                [!provide]                        PROVIDE (app_stack_canary = .)
                0x0000000020000dd0                . = (. + 0x4)
 *fill*         0x0000000020000dcc        0x4 00
                0x0000000020000dd0                _stack_validation = .
                0x00000000200011d0                . = (_stack_validation + STACK_SIZE)
 *fill*         0x0000000020000dd0      0x400 00
                0x0000000020001000                _stack = (ABSOLUTE (END_STACK) - STACK_SIZE)
                [!provide]                        PROVIDE (_stack = (ABSOLUTE (END_STACK) - STACK_SIZE))
                0x0000000020001400                _estack = ABSOLUTE (END_STACK)
                [!provide]                        PROVIDE (_estack = ABSOLUTE (END_STACK))

DEBUG           0x00000000d0000000        0x8
 libc.a(*)
 libm.a(*)
 libgcc.a(*)
 *(.ARM.exidx* .gnu.linkonce.armexidx.*)
 .ARM.exidx.text.apdu_handle_message
                0x00000000d0000000        0x0 build/nanos/obj/apdu.o
                                          0x8 (size before relaxing)
 .ARM.exidx.text.reset_getpubkey_globals
                0x00000000d0000000        0x0 build/nanos/obj/getPubkey.o
                                          0x8 (size before relaxing)
 .ARM.exidx.text.ux_display_public_flow_6_step_validateinit
                0x00000000d0000000        0x0 build/nanos/obj/getPubkey.o
                                          0x8 (size before relaxing)
 .ARM.exidx.text.ux_display_public_flow_7_step_validateinit
                0x00000000d0000000        0x0 build/nanos/obj/getPubkey.o
                                          0x8 (size before relaxing)
 .ARM.exidx.text.handle_get_pubkey
                0x00000000d0000000        0x0 build/nanos/obj/getPubkey.o
                                          0x8 (size before relaxing)
 .ARM.exidx.text.parse_system_transfer_instruction
                0x00000000d0000000        0x0 build/nanos/obj/instruction.o
                                          0x8 (size before relaxing)
 .ARM.exidx.text.print_system_transfer_info
                0x00000000d0000000        0x0 build/nanos/obj/instruction.o
                                          0x8 (size before relaxing)
 .ARM.exidx.text.handleApdu
                0x00000000d0000000        0x0 build/nanos/obj/main.o
                                          0x8 (size before relaxing)
 .ARM.exidx.text.app_main
                0x00000000d0000000        0x0 build/nanos/obj/main.o
                                          0x8 (size before relaxing)
 .ARM.exidx.text.io_seproxyhal_display
                0x00000000d0000000        0x0 build/nanos/obj/main.o
                                          0x8 (size before relaxing)
 .ARM.exidx.text.io_event
                0x00000000d0000000        0x0 build/nanos/obj/main.o
                                          0x8 (size before relaxing)
 .ARM.exidx.text.io_exchange_al
                0x00000000d0000000        0x0 build/nanos/obj/main.o
                                          0x8 (size before relaxing)
 .ARM.exidx.text.app_exit
                0x00000000d0000000        0x0 build/nanos/obj/main.o
                                          0x8 (size before relaxing)
 .ARM.exidx.text.nv_app_state_init
                0x00000000d0000000        0x0 build/nanos/obj/main.o
                                          0x8 (size before relaxing)
 .ARM.exidx.boot
                0x00000000d0000000        0x8 build/nanos/obj/main.o
 .ARM.exidx.text.settings_submenu_getter
                0x00000000d0000008        0x0 build/nanos/obj/menu.o
                                          0x8 (size before relaxing)
 .ARM.exidx.text.settings_submenu_selector
                0x00000000d0000008        0x0 build/nanos/obj/menu.o
                                          0x8 (size before relaxing)
 .ARM.exidx.text.allow_blind_sign_data_getter
                0x00000000d0000008        0x0 build/nanos/obj/menu.o
                                          0x8 (size before relaxing)
 .ARM.exidx.text.allow_blind_sign_data_selector
                0x00000000d0000008        0x0 build/nanos/obj/menu.o
                                          0x8 (size before relaxing)
 .ARM.exidx.text.pubkey_display_data_getter
                0x00000000d0000008        0x0 build/nanos/obj/menu.o
                                          0x8 (size before relaxing)
 .ARM.exidx.text.pubkey_display_data_selector
                0x00000000d0000008        0x0 build/nanos/obj/menu.o
                                          0x8 (size before relaxing)
 .ARM.exidx.text.display_mode_data_getter
                0x00000000d0000008        0x0 build/nanos/obj/menu.o
                                          0x8 (size before relaxing)
 .ARM.exidx.text.display_mode_data_selector
                0x00000000d0000008        0x0 build/nanos/obj/menu.o
                                          0x8 (size before relaxing)
 .ARM.exidx.text.ui_idle
                0x00000000d0000008        0x0 build/nanos/obj/menu.o
                                          0x8 (size before relaxing)
 .ARM.exidx.text.ux_idle_flow_2_step_validateinit
                0x00000000d0000008        0x0 build/nanos/obj/menu.o
                                          0x8 (size before relaxing)
 .ARM.exidx.text.ux_idle_flow_4_step_validateinit
                0x00000000d0000008        0x0 build/nanos/obj/menu.o
                                          0x8 (size before relaxing)
 .ARM.exidx.text.process_message_body
                0x00000000d0000008        0x0 build/nanos/obj/message.o
                                          0x8 (size before relaxing)
 .ARM.exidx.text.os_boot
                0x00000000d0000008        0x0 build/nanos/obj/os.o
                                          0x8 (size before relaxing)
 .ARM.exidx.text.os_longjmp
                0x00000000d0000008        0x0 build/nanos/obj/os.o
                                          0x8 (size before relaxing)
 .ARM.exidx.text.io_seproxyhal_general_status
                0x00000000d0000008        0x0 build/nanos/obj/os_io_seproxyhal.o
                                          0x8 (size before relaxing)
 .ARM.exidx.text.io_seproxyhal_handle_usb_event
                0x00000000d0000008        0x0 build/nanos/obj/os_io_seproxyhal.o
                                          0x8 (size before relaxing)
 .ARM.exidx.text.io_seproxyhal_get_ep_rx_size
                0x00000000d0000008        0x0 build/nanos/obj/os_io_seproxyhal.o
                                          0x8 (size before relaxing)
 .ARM.exidx.text.io_seproxyhal_handle_usb_ep_xfer_event
                0x00000000d0000008        0x0 build/nanos/obj/os_io_seproxyhal.o
                                          0x8 (size before relaxing)
 .ARM.exidx.text.io_usb_send_ep
                0x00000000d0000008        0x0 build/nanos/obj/os_io_seproxyhal.o
                                          0x8 (size before relaxing)
 .ARM.exidx.text.io_usb_send_apdu_data
                0x00000000d0000008        0x0 build/nanos/obj/os_io_seproxyhal.o
                                          0x8 (size before relaxing)
 .ARM.exidx.text.io_usb_send_apdu_data_ep0x83
                0x00000000d0000008        0x0 build/nanos/obj/os_io_seproxyhal.o
                                          0x8 (size before relaxing)
 .ARM.exidx.text.io_seproxyhal_handle_event
                0x00000000d0000008        0x0 build/nanos/obj/os_io_seproxyhal.o
                                          0x8 (size before relaxing)
 .ARM.exidx.text.io_seproxyhal_init
                0x00000000d0000008        0x0 build/nanos/obj/os_io_seproxyhal.o
                                          0x8 (size before relaxing)
 .ARM.exidx.text.io_seproxyhal_init_ux
                0x00000000d0000008        0x0 build/nanos/obj/os_io_seproxyhal.o
                                          0x8 (size before relaxing)
 .ARM.exidx.text.io_seproxyhal_init_button
                0x00000000d0000008        0x0 build/nanos/obj/os_io_seproxyhal.o
                                          0x8 (size before relaxing)
 .ARM.exidx.text.io_seproxyhal_display_icon
                0x00000000d0000008        0x0 build/nanos/obj/os_io_seproxyhal.o
                                          0x8 (size before relaxing)
 .ARM.exidx.text.io_seproxyhal_display_default
                0x00000000d0000008        0x0 build/nanos/obj/os_io_seproxyhal.o
                                          0x8 (size before relaxing)
 .ARM.exidx.text.io_seproxyhal_button_push
                0x00000000d0000008        0x0 build/nanos/obj/os_io_seproxyhal.o
                                          0x8 (size before relaxing)
 .ARM.exidx.text.os_io_seproxyhal_get_app_name_and_version
                0x00000000d0000008        0x0 build/nanos/obj/os_io_seproxyhal.o
                                          0x8 (size before relaxing)
 .ARM.exidx.text.io_exchange
                0x00000000d0000008        0x0 build/nanos/obj/os_io_seproxyhal.o
                                          0x8 (size before relaxing)
 .ARM.exidx.text.os_io_seph_recv_and_process
                0x00000000d0000008        0x0 build/nanos/obj/os_io_seproxyhal.o
                                          0x8 (size before relaxing)
 .ARM.exidx.text.mcu_usb_prints
                0x00000000d0000008        0x0 build/nanos/obj/os_io_seproxyhal.o
                                          0x8 (size before relaxing)
 .ARM.exidx.text.io_usb_hid_receive
                0x00000000d0000008        0x0 build/nanos/obj/os_io_usb.o
                                          0x8 (size before relaxing)
 .ARM.exidx.text.io_usb_hid_init
                0x00000000d0000008        0x0 build/nanos/obj/os_io_usb.o
                                          0x8 (size before relaxing)
 .ARM.exidx.text.io_usb_hid_sent
                0x00000000d0000008        0x0 build/nanos/obj/os_io_usb.o
                                          0x8 (size before relaxing)
 .ARM.exidx.text.io_usb_hid_send
                0x00000000d0000008        0x0 build/nanos/obj/os_io_usb.o
                                          0x8 (size before relaxing)
 .ARM.exidx.text.mcu_usb_printf
                0x00000000d0000008        0x0 build/nanos/obj/os_printf.o
                                          0x8 (size before relaxing)
 .ARM.exidx.text.snprintf
                0x00000000d0000008        0x0 build/nanos/obj/os_printf.o
                                          0x8 (size before relaxing)
 .ARM.exidx.text.parse_length
                0x00000000d0000008        0x0 build/nanos/obj/parser.o
                                          0x8 (size before relaxing)
 .ARM.exidx.text.pic_internal
                0x00000000d0000008        0x0 build/nanos/obj/pic.o
                                          0x8 (size before relaxing)
 .ARM.exidx.text.pic
                0x00000000d0000008        0x0 build/nanos/obj/pic.o
                                          0x8 (size before relaxing)
 .ARM.exidx.text.print_token_amount
                0x00000000d0000008        0x0 build/nanos/obj/printer.o
                                          0x8 (size before relaxing)
 .ARM.exidx.text.print_amount
                0x00000000d0000008        0x0 build/nanos/obj/printer.o
                                          0x8 (size before relaxing)
 .ARM.exidx.text.print_sized_string
                0x00000000d0000008        0x0 build/nanos/obj/printer.o
                                          0x8 (size before relaxing)
 .ARM.exidx.text.print_string
                0x00000000d0000008        0x0 build/nanos/obj/printer.o
                                          0x8 (size before relaxing)
 .ARM.exidx.text.print_summary
                0x00000000d0000008        0x0 build/nanos/obj/printer.o
                                          0x8 (size before relaxing)
 .ARM.exidx.text.encode_base58
                0x00000000d0000008        0x0 build/nanos/obj/printer.o
                                          0x8 (size before relaxing)
 .ARM.exidx.text.print_i64
                0x00000000d0000008        0x0 build/nanos/obj/printer.o
                                          0x8 (size before relaxing)
 .ARM.exidx.text.print_u64
                0x00000000d0000008        0x0 build/nanos/obj/printer.o
                                          0x8 (size before relaxing)
 .ARM.exidx.text.print_timestamp
                0x00000000d0000008        0x0 build/nanos/obj/printer.o
                                          0x8 (size before relaxing)
 .ARM.exidx.text.rfc3339_format
                0x00000000d0000008        0x0 build/nanos/obj/rfc3339.o
                                          0x8 (size before relaxing)
 .ARM.exidx.text.ux_approve_step_validateinit
                0x00000000d0000008        0x0 build/nanos/obj/signMessage.o
                                          0x8 (size before relaxing)
 .ARM.exidx.text.ux_reject_step_validateinit
                0x00000000d0000008        0x0 build/nanos/obj/signMessage.o
                                          0x8 (size before relaxing)
 .ARM.exidx.text.ux_summary_step_init
                0x00000000d0000008        0x0 build/nanos/obj/signMessage.o
                                          0x8 (size before relaxing)
 .ARM.exidx.text.handle_sign_message_parse_message
                0x00000000d0000008        0x0 build/nanos/obj/signMessage.o
                                          0x8 (size before relaxing)
 .ARM.exidx.text.handle_sign_message_ui
                0x00000000d0000008        0x0 build/nanos/obj/signMessage.o
                                          0x8 (size before relaxing)
 .ARM.exidx.text.set_result_sign_message
                0x00000000d0000008        0x0 build/nanos/obj/signMessage.o
                                          0x8 (size before relaxing)
 .ARM.exidx.text.get_api_level
                0x00000000d0000008        0x0 build/nanos/obj/syscalls.o
                                          0x8 (size before relaxing)
 .ARM.exidx.text.halt
                0x00000000d0000008        0x0 build/nanos/obj/syscalls.o
                                          0x8 (size before relaxing)
 .ARM.exidx.text.nvm_write
                0x00000000d0000008        0x0 build/nanos/obj/syscalls.o
                                          0x8 (size before relaxing)
 .ARM.exidx.text.cx_ecdomain_parameters_length
                0x00000000d0000008        0x0 build/nanos/obj/syscalls.o
                                          0x8 (size before relaxing)
 .ARM.exidx.text.os_perso_isonboarded
                0x00000000d0000008        0x0 build/nanos/obj/syscalls.o
                                          0x8 (size before relaxing)
 .ARM.exidx.text.os_perso_derive_node_with_seed_key
                0x00000000d0000008        0x0 build/nanos/obj/syscalls.o
                                          0x8 (size before relaxing)
 .ARM.exidx.text.os_perso_seed_cookie
                0x00000000d0000008        0x0 build/nanos/obj/syscalls.o
                                          0x8 (size before relaxing)
 .ARM.exidx.text.os_global_pin_is_validated
                0x00000000d0000008        0x0 build/nanos/obj/syscalls.o
                                          0x8 (size before relaxing)
 .ARM.exidx.text.os_ux
                0x00000000d0000008        0x0 build/nanos/obj/syscalls.o
                                          0x8 (size before relaxing)
 .ARM.exidx.text.os_flags
                0x00000000d0000008        0x0 build/nanos/obj/syscalls.o
                                          0x8 (size before relaxing)
 .ARM.exidx.text.os_registry_get_current_app_tag
                0x00000000d0000008        0x0 build/nanos/obj/syscalls.o
                                          0x8 (size before relaxing)
 .ARM.exidx.text.os_sched_exit
                0x00000000d0000008        0x0 build/nanos/obj/syscalls.o
                                          0x8 (size before relaxing)
 .ARM.exidx.text.io_seph_send
                0x00000000d0000008        0x0 build/nanos/obj/syscalls.o
                                          0x8 (size before relaxing)
 .ARM.exidx.text.io_seph_is_status_sent
                0x00000000d0000008        0x0 build/nanos/obj/syscalls.o
                                          0x8 (size before relaxing)
 .ARM.exidx.text.io_seph_recv
                0x00000000d0000008        0x0 build/nanos/obj/syscalls.o
                                          0x8 (size before relaxing)
 .ARM.exidx.text.try_context_get
                0x00000000d0000008        0x0 build/nanos/obj/syscalls.o
                                          0x8 (size before relaxing)
 .ARM.exidx.text.try_context_set
                0x00000000d0000008        0x0 build/nanos/obj/syscalls.o
                                          0x8 (size before relaxing)
 .ARM.exidx.text.os_sched_last_status
                0x00000000d0000008        0x0 build/nanos/obj/syscalls.o
                                          0x8 (size before relaxing)
 .ARM.exidx.text.summary_item_set_amount
                0x00000000d0000008        0x0 build/nanos/obj/transaction_summary.o
                                          0x8 (size before relaxing)
 .ARM.exidx.text.summary_item_set_pubkey
                0x00000000d0000008        0x0 build/nanos/obj/transaction_summary.o
                                          0x8 (size before relaxing)
 .ARM.exidx.text.summary_item_set_hash
                0x00000000d0000008        0x0 build/nanos/obj/transaction_summary.o
                                          0x8 (size before relaxing)
 .ARM.exidx.text.summary_item_set_string
                0x00000000d0000008        0x0 build/nanos/obj/transaction_summary.o
                                          0x8 (size before relaxing)
 .ARM.exidx.text.transaction_summary_reset
                0x00000000d0000008        0x0 build/nanos/obj/transaction_summary.o
                                          0x8 (size before relaxing)
 .ARM.exidx.text.transaction_summary_primary_item
                0x00000000d0000008        0x0 build/nanos/obj/transaction_summary.o
                                          0x8 (size before relaxing)
 .ARM.exidx.text.transaction_summary_general_item
                0x00000000d0000008        0x0 build/nanos/obj/transaction_summary.o
                                          0x8 (size before relaxing)
 .ARM.exidx.text.transaction_summary_display_item
                0x00000000d0000008        0x0 build/nanos/obj/transaction_summary.o
                                          0x8 (size before relaxing)
 .ARM.exidx.text.transaction_summary_finalize
                0x00000000d0000008        0x0 build/nanos/obj/transaction_summary.o
                                          0x8 (size before relaxing)
 .ARM.exidx.text.USBD_LL_Init
                0x00000000d0000008        0x0 build/nanos/obj/usbd_conf.o
                                          0x8 (size before relaxing)
 .ARM.exidx.text.USBD_LL_DeInit
                0x00000000d0000008        0x0 build/nanos/obj/usbd_conf.o
                                          0x8 (size before relaxing)
 .ARM.exidx.text.USBD_LL_Start
                0x00000000d0000008        0x0 build/nanos/obj/usbd_conf.o
                                          0x8 (size before relaxing)
 .ARM.exidx.text.USBD_LL_Stop
                0x00000000d0000008        0x0 build/nanos/obj/usbd_conf.o
                                          0x8 (size before relaxing)
 .ARM.exidx.text.USBD_LL_OpenEP
                0x00000000d0000008        0x0 build/nanos/obj/usbd_conf.o
                                          0x8 (size before relaxing)
 .ARM.exidx.text.USBD_LL_StallEP
                0x00000000d0000008        0x0 build/nanos/obj/usbd_conf.o
                                          0x8 (size before relaxing)
 .ARM.exidx.text.USBD_LL_ClearStallEP
                0x00000000d0000008        0x0 build/nanos/obj/usbd_conf.o
                                          0x8 (size before relaxing)
 .ARM.exidx.text.USBD_LL_IsStallEP
                0x00000000d0000008        0x0 build/nanos/obj/usbd_conf.o
                                          0x8 (size before relaxing)
 .ARM.exidx.text.USBD_LL_SetUSBAddress
                0x00000000d0000008        0x0 build/nanos/obj/usbd_conf.o
                                          0x8 (size before relaxing)
 .ARM.exidx.text.USBD_LL_Transmit
                0x00000000d0000008        0x0 build/nanos/obj/usbd_conf.o
                                          0x8 (size before relaxing)
 .ARM.exidx.text.USBD_LL_PrepareReceive
                0x00000000d0000008        0x0 build/nanos/obj/usbd_conf.o
                                          0x8 (size before relaxing)
 .ARM.exidx.text.USBD_Init
                0x00000000d0000008        0x0 build/nanos/obj/usbd_core.o
                                          0x8 (size before relaxing)
 .ARM.exidx.text.USBD_DeInit
                0x00000000d0000008        0x0 build/nanos/obj/usbd_core.o
                                          0x8 (size before relaxing)
 .ARM.exidx.text.USBD_RegisterClassForInterface
                0x00000000d0000008        0x0 build/nanos/obj/usbd_core.o
                                          0x8 (size before relaxing)
 .ARM.exidx.text.USBD_Start
                0x00000000d0000008        0x0 build/nanos/obj/usbd_core.o
                                          0x8 (size before relaxing)
 .ARM.exidx.text.USBD_SetClassConfig
                0x00000000d0000008        0x0 build/nanos/obj/usbd_core.o
                                          0x8 (size before relaxing)
 .ARM.exidx.text.USBD_ClrClassConfig
                0x00000000d0000008        0x0 build/nanos/obj/usbd_core.o
                                          0x8 (size before relaxing)
 .ARM.exidx.text.USBD_LL_SetupStage
                0x00000000d0000008        0x0 build/nanos/obj/usbd_core.o
                                          0x8 (size before relaxing)
 .ARM.exidx.text.USBD_LL_DataOutStage
                0x00000000d0000008        0x0 build/nanos/obj/usbd_core.o
                                          0x8 (size before relaxing)
 .ARM.exidx.text.USBD_LL_DataInStage
                0x00000000d0000008        0x0 build/nanos/obj/usbd_core.o
                                          0x8 (size before relaxing)
 .ARM.exidx.text.USBD_LL_Reset
                0x00000000d0000008        0x0 build/nanos/obj/usbd_core.o
                                          0x8 (size before relaxing)
 .ARM.exidx.text.USBD_LL_SetSpeed
                0x00000000d0000008        0x0 build/nanos/obj/usbd_core.o
                                          0x8 (size before relaxing)
 .ARM.exidx.text.USBD_LL_Suspend
                0x00000000d0000008        0x0 build/nanos/obj/usbd_core.o
                                          0x8 (size before relaxing)
 .ARM.exidx.text.USBD_LL_Resume
                0x00000000d0000008        0x0 build/nanos/obj/usbd_core.o
                                          0x8 (size before relaxing)
 .ARM.exidx.text.USBD_LL_SOF
                0x00000000d0000008        0x0 build/nanos/obj/usbd_core.o
                                          0x8 (size before relaxing)
 .ARM.exidx.text.usbd_is_valid_intf
                0x00000000d0000008        0x0 build/nanos/obj/usbd_ctlreq.o
                                          0x8 (size before relaxing)
 .ARM.exidx.text.USBD_StdDevReq
                0x00000000d0000008        0x0 build/nanos/obj/usbd_ctlreq.o
                                          0x8 (size before relaxing)
 .ARM.exidx.text.USBD_GetDescriptor
                0x00000000d0000008        0x0 build/nanos/obj/usbd_ctlreq.o
                                          0x8 (size before relaxing)
 .ARM.exidx.text.USBD_SetAddress
                0x00000000d0000008        0x0 build/nanos/obj/usbd_ctlreq.o
                                          0x8 (size before relaxing)
 .ARM.exidx.text.USBD_SetConfig
                0x00000000d0000008        0x0 build/nanos/obj/usbd_ctlreq.o
                                          0x8 (size before relaxing)
 .ARM.exidx.text.USBD_GetConfig
                0x00000000d0000008        0x0 build/nanos/obj/usbd_ctlreq.o
                                          0x8 (size before relaxing)
 .ARM.exidx.text.USBD_GetStatus
                0x00000000d0000008        0x0 build/nanos/obj/usbd_ctlreq.o
                                          0x8 (size before relaxing)
 .ARM.exidx.text.USBD_SetFeature
                0x00000000d0000008        0x0 build/nanos/obj/usbd_ctlreq.o
                                          0x8 (size before relaxing)
 .ARM.exidx.text.USBD_ClrFeature
                0x00000000d0000008        0x0 build/nanos/obj/usbd_ctlreq.o
                                          0x8 (size before relaxing)
 .ARM.exidx.text.USBD_StdItfReq
                0x00000000d0000008        0x0 build/nanos/obj/usbd_ctlreq.o
                                          0x8 (size before relaxing)
 .ARM.exidx.text.USBD_StdEPReq
                0x00000000d0000008        0x0 build/nanos/obj/usbd_ctlreq.o
                                          0x8 (size before relaxing)
 .ARM.exidx.text.USBD_ParseSetupRequest
                0x00000000d0000008        0x0 build/nanos/obj/usbd_ctlreq.o
                                          0x8 (size before relaxing)
 .ARM.exidx.text.USBD_CtlStall
                0x00000000d0000008        0x0 build/nanos/obj/usbd_ctlreq.o
                                          0x8 (size before relaxing)
 .ARM.exidx.text.USBD_HID_Setup
                0x00000000d0000008        0x0 build/nanos/obj/usbd_hid.o
                                          0x8 (size before relaxing)
 .ARM.exidx.text.USBD_HID_Init
                0x00000000d0000008        0x0 build/nanos/obj/usbd_hid.o
                                          0x8 (size before relaxing)
 .ARM.exidx.text.USBD_HID_DeInit
                0x00000000d0000008        0x0 build/nanos/obj/usbd_hid.o